Archive member included to satisfy reference by file (symbol)

d:/lite/nios2eds/bin/gnu/h-x86_64-mingw32/bin/../lib/gcc/nios2-elf/5.3.0/../../../../../H-x86_64-mingw32/nios2-elf/lib\libc.a(lib_a-printf.o)
                              obj/default/hello_world.o (printf)
d:/lite/nios2eds/bin/gnu/h-x86_64-mingw32/bin/../lib/gcc/nios2-elf/5.3.0/../../../../../H-x86_64-mingw32/nios2-elf/lib\libc.a(lib_a-puts.o)
                              obj/default/hello_world.o (puts)
d:/lite/nios2eds/bin/gnu/h-x86_64-mingw32/bin/../lib/gcc/nios2-elf/5.3.0/../../../../../H-x86_64-mingw32/nios2-elf/lib\libc.a(lib_a-strlen.o)
                              d:/lite/nios2eds/bin/gnu/h-x86_64-mingw32/bin/../lib/gcc/nios2-elf/5.3.0/../../../../../H-x86_64-mingw32/nios2-elf/lib\libc.a(lib_a-puts.o) (strlen)
d:/lite/nios2eds/bin/gnu/h-x86_64-mingw32/bin/../lib/gcc/nios2-elf/5.3.0/../../../../../H-x86_64-mingw32/nios2-elf/lib\libc.a(lib_a-vfprintf.o)
                              d:/lite/nios2eds/bin/gnu/h-x86_64-mingw32/bin/../lib/gcc/nios2-elf/5.3.0/../../../../../H-x86_64-mingw32/nios2-elf/lib\libc.a(lib_a-printf.o) (___vfprintf_internal_r)
d:/lite/nios2eds/bin/gnu/h-x86_64-mingw32/bin/../lib/gcc/nios2-elf/5.3.0/../../../../../H-x86_64-mingw32/nios2-elf/lib\libc.a(lib_a-wsetup.o)
                              d:/lite/nios2eds/bin/gnu/h-x86_64-mingw32/bin/../lib/gcc/nios2-elf/5.3.0/../../../../../H-x86_64-mingw32/nios2-elf/lib\libc.a(lib_a-vfprintf.o) (__swsetup_r)
d:/lite/nios2eds/bin/gnu/h-x86_64-mingw32/bin/../lib/gcc/nios2-elf/5.3.0/../../../../../H-x86_64-mingw32/nios2-elf/lib\libc.a(lib_a-dtoa.o)
                              d:/lite/nios2eds/bin/gnu/h-x86_64-mingw32/bin/../lib/gcc/nios2-elf/5.3.0/../../../../../H-x86_64-mingw32/nios2-elf/lib\libc.a(lib_a-vfprintf.o) (_dtoa_r)
d:/lite/nios2eds/bin/gnu/h-x86_64-mingw32/bin/../lib/gcc/nios2-elf/5.3.0/../../../../../H-x86_64-mingw32/nios2-elf/lib\libc.a(lib_a-fflush.o)
                              d:/lite/nios2eds/bin/gnu/h-x86_64-mingw32/bin/../lib/gcc/nios2-elf/5.3.0/../../../../../H-x86_64-mingw32/nios2-elf/lib\libc.a(lib_a-vfprintf.o) (_fflush_r)
d:/lite/nios2eds/bin/gnu/h-x86_64-mingw32/bin/../lib/gcc/nios2-elf/5.3.0/../../../../../H-x86_64-mingw32/nios2-elf/lib\libc.a(lib_a-findfp.o)
                              d:/lite/nios2eds/bin/gnu/h-x86_64-mingw32/bin/../lib/gcc/nios2-elf/5.3.0/../../../../../H-x86_64-mingw32/nios2-elf/lib\libc.a(lib_a-puts.o) (__sinit)
d:/lite/nios2eds/bin/gnu/h-x86_64-mingw32/bin/../lib/gcc/nios2-elf/5.3.0/../../../../../H-x86_64-mingw32/nios2-elf/lib\libc.a(lib_a-freer.o)
                              d:/lite/nios2eds/bin/gnu/h-x86_64-mingw32/bin/../lib/gcc/nios2-elf/5.3.0/../../../../../H-x86_64-mingw32/nios2-elf/lib\libc.a(lib_a-wsetup.o) (_free_r)
d:/lite/nios2eds/bin/gnu/h-x86_64-mingw32/bin/../lib/gcc/nios2-elf/5.3.0/../../../../../H-x86_64-mingw32/nios2-elf/lib\libc.a(lib_a-fvwrite.o)
                              d:/lite/nios2eds/bin/gnu/h-x86_64-mingw32/bin/../lib/gcc/nios2-elf/5.3.0/../../../../../H-x86_64-mingw32/nios2-elf/lib\libc.a(lib_a-puts.o) (__sfvwrite_r)
d:/lite/nios2eds/bin/gnu/h-x86_64-mingw32/bin/../lib/gcc/nios2-elf/5.3.0/../../../../../H-x86_64-mingw32/nios2-elf/lib\libc.a(lib_a-fwalk.o)
                              d:/lite/nios2eds/bin/gnu/h-x86_64-mingw32/bin/../lib/gcc/nios2-elf/5.3.0/../../../../../H-x86_64-mingw32/nios2-elf/lib\libc.a(lib_a-findfp.o) (_fwalk)
d:/lite/nios2eds/bin/gnu/h-x86_64-mingw32/bin/../lib/gcc/nios2-elf/5.3.0/../../../../../H-x86_64-mingw32/nios2-elf/lib\libc.a(lib_a-impure.o)
                              d:/lite/nios2eds/bin/gnu/h-x86_64-mingw32/bin/../lib/gcc/nios2-elf/5.3.0/../../../../../H-x86_64-mingw32/nios2-elf/lib\libc.a(lib_a-fflush.o) (_global_impure_ptr)
d:/lite/nios2eds/bin/gnu/h-x86_64-mingw32/bin/../lib/gcc/nios2-elf/5.3.0/../../../../../H-x86_64-mingw32/nios2-elf/lib\libc.a(lib_a-locale.o)
                              d:/lite/nios2eds/bin/gnu/h-x86_64-mingw32/bin/../lib/gcc/nios2-elf/5.3.0/../../../../../H-x86_64-mingw32/nios2-elf/lib\libc.a(lib_a-vfprintf.o) (_localeconv_r)
d:/lite/nios2eds/bin/gnu/h-x86_64-mingw32/bin/../lib/gcc/nios2-elf/5.3.0/../../../../../H-x86_64-mingw32/nios2-elf/lib\libc.a(lib_a-makebuf.o)
                              d:/lite/nios2eds/bin/gnu/h-x86_64-mingw32/bin/../lib/gcc/nios2-elf/5.3.0/../../../../../H-x86_64-mingw32/nios2-elf/lib\libc.a(lib_a-wsetup.o) (__smakebuf_r)
d:/lite/nios2eds/bin/gnu/h-x86_64-mingw32/bin/../lib/gcc/nios2-elf/5.3.0/../../../../../H-x86_64-mingw32/nios2-elf/lib\libc.a(lib_a-mallocr.o)
                              d:/lite/nios2eds/bin/gnu/h-x86_64-mingw32/bin/../lib/gcc/nios2-elf/5.3.0/../../../../../H-x86_64-mingw32/nios2-elf/lib\libc.a(lib_a-findfp.o) (_malloc_r)
d:/lite/nios2eds/bin/gnu/h-x86_64-mingw32/bin/../lib/gcc/nios2-elf/5.3.0/../../../../../H-x86_64-mingw32/nios2-elf/lib\libc.a(lib_a-memchr.o)
[...]
Memory Configuration

Name             Origin             Length             Attributes
onchip_memory2_0 0x0000000000204000 0x0000000000004000
reset            0x0000000010000000 0x0000000000000020
new_sdram_controller_0 0x0000000010000020 0x0000000007ffffe0
*default*        0x0000000000000000 0xffffffffffffffff

Linker script and memory map

LOAD ../ECE178FINAL_bsp//obj/HAL/src/crt0.o
LOAD obj/default/hello_world.o
LOAD d:/lite/nios2eds/bin/gnu/h-x86_64-mingw32/bin/../lib/gcc/nios2-elf/5.3.0/../../../../../H-x86_64-mingw32/nios2-elf/lib\libstdc++.a
LOAD d:/lite/nios2eds/bin/gnu/h-x86_64-mingw32/bin/../lib/gcc/nios2-elf/5.3.0/../../../../../H-x86_64-mingw32/nios2-elf/lib\libm.a
LOAD d:/lite/nios2eds/bin/gnu/h-x86_64-mingw32/bin/../lib/gcc/nios2-elf/5.3.0\libgcc.a
START GROUP
LOAD d:/lite/nios2eds/bin/gnu/h-x86_64-mingw32/bin/../lib/gcc/nios2-elf/5.3.0/../../../../../H-x86_64-mingw32/nios2-elf/lib\libc.a
LOAD d:/lite/nios2eds/bin/gnu/h-x86_64-mingw32/bin/../lib/gcc/nios2-elf/5.3.0\libgcc.a
LOAD ../ECE178FINAL_bsp/\libhal_bsp.a
LOAD d:/lite/nios2eds/bin/gnu/h-x86_64-mingw32/bin/../lib/gcc/nios2-elf/5.3.0/../../../../../H-x86_64-mingw32/nios2-elf/lib\libm.a
END GROUP
LOAD d:/lite/nios2eds/bin/gnu/h-x86_64-mingw32/bin/../lib/gcc/nios2-elf/5.3.0\libgcc.a
                0x0000000000204000                __alt_mem_onchip_memory2_0 = 0x204000
                0x0000000010000000                __alt_mem_new_sdram_controller_0 = 0x10000000

.entry          0x0000000010000000       0x20
 *(.entry)
 .entry         0x0000000010000000       0x20 ../ECE178FINAL_bsp//obj/HAL/src/crt0.o
                0x0000000010000000                __reset

.exceptions     0x0000000010000020      0x224
                0x0000000010000020                PROVIDE (__ram_exceptions_start, ABSOLUTE (.))
                0x0000000010000020                . = ALIGN (0x20)
 *(.irq)
 *(.exceptions.entry.label)
 .exceptions.entry.label
                0x0000000010000020        0x0 ../ECE178FINAL_bsp/\libhal_bsp.a(alt_irq_entry.o)
                0x0000000010000020                alt_irq_entry
 .exceptions.entry.label
                0x0000000010000020        0x0 ../ECE178FINAL_bsp/\libhal_bsp.a(alt_exception_entry.o)
                0x0000000010000020                alt_exception
 *(.exceptions.entry.user)
 *(.exceptions.entry.ecc_fatal)
 *(.exceptions.entry)
 .exceptions.entry
                0x0000000010000020       0x54 ../ECE178FINAL_bsp/\libhal_bsp.a(alt_exception_entry.o)
 *(.exceptions.irqtest.user)
 *(.exceptions.irqtest)
 .exceptions.irqtest
                0x0000000010000074       0x10 ../ECE178FINAL_bsp/\libhal_bsp.a(alt_irq_entry.o)
 *(.exceptions.irqhandler.user)
 *(.exceptions.irqhandler)
 .exceptions.irqhandler
                0x0000000010000084        0x4 ../ECE178FINAL_bsp/\libhal_bsp.a(alt_irq_entry.o)
 *(.exceptions.irqreturn.user)
 *(.exceptions.irqreturn)
 .exceptions.irqreturn
                0x0000000010000088        0x4 ../ECE178FINAL_bsp/\libhal_bsp.a(alt_irq_entry.o)
 *(.exceptions.notirq.label)
 .exceptions.notirq.label
                0x000000001000008c        0x0 ../ECE178FINAL_bsp/\libhal_bsp.a(alt_irq_entry.o)
 *(.exceptions.notirq.user)
 *(.exceptions.notirq)
 .exceptions.notirq
                0x000000001000008c        0x8 ../ECE178FINAL_bsp/\libhal_bsp.a(alt_exception_entry.o)
 *(.exceptions.soft.user)
 *(.exceptions.soft)
 *(.exceptions.unknown.user)
 *(.exceptions.unknown)
 .exceptions.unknown
                0x0000000010000094       0x14 ../ECE178FINAL_bsp/\libhal_bsp.a(alt_exception_entry.o)
 *(.exceptions.exit.label)
 .exceptions.exit.label
                0x00000000100000a8        0x0 ../ECE178FINAL_bsp/\libhal_bsp.a(alt_irq_entry.o)
 .exceptions.exit.label
                0x00000000100000a8        0x0 ../ECE178FINAL_bsp/\libhal_bsp.a(alt_exception_entry.o)
 *(.exceptions.exit.user)
 *(.exceptions.exit)
 .exceptions.exit
                0x00000000100000a8       0x54 ../ECE178FINAL_bsp/\libhal_bsp.a(alt_exception_entry.o)
 *(.exceptions)
 .exceptions    0x00000000100000fc       0xd4 ../ECE178FINAL_bsp/\libhal_bsp.a(alt_irq_handler.o)
                0x00000000100000fc                alt_irq_handler
 .exceptions    0x00000000100001d0       0x74 ../ECE178FINAL_bsp/\libhal_bsp.a(alt_instruction_exception_entry.o)
                0x00000000100001d0                alt_instruction_exception_entry
                0x0000000010000244                PROVIDE (__ram_exceptions_end, ABSOLUTE (.))
                0x0000000010000020                PROVIDE (__flash_exceptions_start, LOADADDR (.exceptions))

.text           0x0000000010000244    0x14618
                [!provide]                        PROVIDE (stext, ABSOLUTE (.))
 *(.interp)
 *(.hash)
 *(.dynsym)
 *(.dynstr)
 *(.gnu.version)
 *(.gnu.version_d)
 *(.gnu.version_r)
 *(.rel.init)
 *(.rela.init)
 *(.rel.text .rel.text.* .rel.gnu.linkonce.t.*)
 *(.rela.text .rela.text.* .rela.gnu.linkonce.t.*)
 *(.rel.fini)
 *(.rela.fini)
 *(.rel.rodata .rel.rodata.* .rel.gnu.linkonce.r.*)
 *(.rela.rodata .rela.rodata.* .rela.gnu.linkonce.r.*)
 *(.rel.data .rel.data.* .rel.gnu.linkonce.d.*)
 *(.rela.data .rela.data.* .rela.gnu.linkonce.d.*)
 *(.rel.tdata .rel.tdata.* .rel.gnu.linkonce.td.*)
 *(.rela.tdata .rela.tdata.* .rela.gnu.linkonce.td.*)
 *(.rel.tbss .rel.tbss.* .rel.gnu.linkonce.tb.*)
 *(.rela.tbss .rela.tbss.* .rela.gnu.linkonce.tb.*)
 *(.rel.ctors)
 *(.rela.ctors)
 *(.rel.dtors)
 *(.rela.dtors)
 *(.rel.got)
 *(.rela.got)
 *(.rel.sdata .rel.sdata.* .rel.gnu.linkonce.s.*)
 *(.rela.sdata .rela.sdata.* .rela.gnu.linkonce.s.*)
 *(.rel.sbss .rel.sbss.* .rel.gnu.linkonce.sb.*)
 *(.rela.sbss .rela.sbss.* .rela.gnu.linkonce.sb.*)
 *(.rel.sdata2 .rel.sdata2.* .rel.gnu.linkonce.s2.*)
 *(.rela.sdata2 .rela.sdata2.* .rela.gnu.linkonce.s2.*)
 *(.rel.sbss2 .rel.sbss2.* .rel.gnu.linkonce.sb2.*)
 *(.rela.sbss2 .rela.sbss2.* .rela.gnu.linkonce.sb2.*)
 *(.rel.bss .rel.bss.* .rel.gnu.linkonce.b.*)
 *(.rela.bss .rela.bss.* .rela.gnu.linkonce.b.*)
 *(.rel.plt)
 *(.rela.plt)
 *(.rel.dyn)
 *(.init)
 *(.plt)
 *(.text .stub .text.* .gnu.linkonce.t.*)
 .text          0x0000000010000244       0x4c ../ECE178FINAL_bsp//obj/HAL/src/crt0.o
                0x0000000010000244                _start
 .text          0x0000000010000290      0x240 obj/default/hello_world.o
                0x0000000010000290                main
 .text          0x00000000100004d0        0x0 d:/lite/nios2eds/bin/gnu/h-x86_64-mingw32/bin/../lib/gcc/nios2-elf/5.3.0/../../../../../H-x86_64-mingw32/nios2-elf/lib\libc.a(lib_a-printf.o)
 .text._printf_r
                0x00000000100004d0       0x30 d:/lite/nios2eds/bin/gnu/h-x86_64-mingw32/bin/../lib/gcc/nios2-elf/5.3.0/../../../../../H-x86_64-mingw32/nios2-elf/lib\libc.a(lib_a-printf.o)
                0x00000000100004d0                _printf_r
 .text.printf   0x0000000010000500       0x3c d:/lite/nios2eds/bin/gnu/h-x86_64-mingw32/bin/../lib/gcc/nios2-elf/5.3.0/../../../../../H-x86_64-mingw32/nios2-elf/lib\libc.a(lib_a-printf.o)
                0x0000000010000500                printf
 .text          0x000000001000053c        0x0 d:/lite/nios2eds/bin/gnu/h-x86_64-mingw32/bin/../lib/gcc/nios2-elf/5.3.0/../../../../../H-x86_64-mingw32/nios2-elf/lib\libc.a(lib_a-puts.o)
 .text._puts_r  0x000000001000053c       0xc0 d:/lite/nios2eds/bin/gnu/h-x86_64-mingw32/bin/../lib/gcc/nios2-elf/5.3.0/../../../../../H-x86_64-mingw32/nios2-elf/lib\libc.a(lib_a-puts.o)
                0x000000001000053c                _puts_r
 .text.puts     0x00000000100005fc       0x14 d:/lite/nios2eds/bin/gnu/h-x86_64-mingw32/bin/../lib/gcc/nios2-elf/5.3.0/../../../../../H-x86_64-mingw32/nios2-elf/lib\libc.a(lib_a-puts.o)
                0x00000000100005fc                puts
 .text          0x0000000010000610        0x0 d:/lite/nios2eds/bin/gnu/h-x86_64-mingw32/bin/../lib/gcc/nios2-elf/5.3.0/../../../../../H-x86_64-mingw32/nios2-elf/lib\libc.a(lib_a-strlen.o)
 .text.strlen   0x0000000010000610       0x98 d:/lite/nios2eds/bin/gnu/h-x86_64-mingw32/bin/../lib/gcc/nios2-elf/5.3.0/../../../../../H-x86_64-mingw32/nios2-elf/lib\libc.a(lib_a-strlen.o)
                0x0000000010000610                strlen
 .text          0x00000000100006a8        0x0 d:/lite/nios2eds/bin/gnu/h-x86_64-mingw32/bin/../lib/gcc/nios2-elf/5.3.0/../../../../../H-x86_64-mingw32/nios2-elf/lib\libc.a(lib_a-vfprintf.o)
 .text.___vfprintf_internal_r
                0x00000000100006a8     0x21f8 d:/lite/nios2eds/bin/gnu/h-x86_64-mingw32/bin/../lib/gcc/nios2-elf/5.3.0/../../../../../H-x86_64-mingw32/nios2-elf/lib\libc.a(lib_a-vfprintf.o)
                0x00000000100006a8                ___vfprintf_internal_r
 .text.__vfprintf_internal
                0x00000000100028a0       0x1c d:/lite/nios2eds/bin/gnu/h-x86_64-mingw32/bin/../lib/gcc/nios2-elf/5.3.0/../../../../../H-x86_64-mingw32/nios2-elf/lib\libc.a(lib_a-vfprintf.o)
                0x00000000100028a0                __vfprintf_internal
 .text.__sbprintf
                0x00000000100028bc       0xbc d:/lite/nios2eds/bin/gnu/h-x86_64-mingw32/bin/../lib/gcc/nios2-elf/5.3.0/../../../../../H-x86_64-mingw32/nios2-elf/lib\libc.a(lib_a-vfprintf.o)
 .text          0x0000000010002978        0x0 d:/lite/nios2eds/bin/gnu/h-x86_64-mingw32/bin/../lib/gcc/nios2-elf/5.3.0/../../../../../H-x86_64-mingw32/nios2-elf/lib\libc.a(lib_a-wsetup.o)
 .text.__swsetup_r
                0x0000000010002978      0x154 d:/lite/nios2eds/bin/gnu/h-x86_64-mingw32/bin/../lib/gcc/nios2-elf/5.3.0/../../../../../H-x86_64-mingw32/nios2-elf/lib\libc.a(lib_a-wsetup.o)
                0x0000000010002978                __swsetup_r
 .text          0x0000000010002acc        0x0 d:/lite/nios2eds/bin/gnu/h-x86_64-mingw32/bin/../lib/gcc/nios2-elf/5.3.0/../../../../../H-x86_64-mingw32/nios2-elf/lib\libc.a(lib_a-dtoa.o)
 .text.quorem   0x0000000010002acc      0x200 d:/lite/nios2eds/bin/gnu/h-x86_64-mingw32/bin/../lib/gcc/nios2-elf/5.3.0/../../../../../H-x86_64-mingw32/nios2-elf/lib\libc.a(lib_a-dtoa.o)
 .text._dtoa_r  0x0000000010002ccc     0x1688 d:/lite/nios2eds/bin/gnu/h-x86_64-mingw32/bin/../lib/gcc/nios2-elf/5.3.0/../../../../../H-x86_64-mingw32/nios2-elf/lib\libc.a(lib_a-dtoa.o)
                0x0000000010002ccc                _dtoa_r
 .text          0x0000000010004354        0x0 d:/lite/nios2eds/bin/gnu/h-x86_64-mingw32/bin/../lib/gcc/nios2-elf/5.3.0/../../../../../H-x86_64-mingw32/nios2-elf/lib\libc.a(lib_a-fflush.o)
 .text.__sflush_r
                0x0000000010004354      0x21c d:/lite/nios2eds/bin/gnu/h-x86_64-mingw32/bin/../lib/gcc/nios2-elf/5.3.0/../../../../../H-x86_64-mingw32/nios2-elf/lib\libc.a(lib_a-fflush.o)
                0x0000000010004354                __sflush_r
 .text._fflush_r
                0x0000000010004570       0x5c d:/lite/nios2eds/bin/gnu/h-x86_64-mingw32/bin/../lib/gcc/nios2-elf/5.3.0/../../../../../H-x86_64-mingw32/nios2-elf/lib\libc.a(lib_a-fflush.o)
                0x0000000010004570                _fflush_r
 .text.fflush   0x00000000100045cc       0x30 d:/lite/nios2eds/bin/gnu/h-x86_64-mingw32/bin/../lib/gcc/nios2-elf/5.3.0/../../../../../H-x86_64-mingw32/nios2-elf/lib\libc.a(lib_a-fflush.o)
                0x00000000100045cc                fflush
 .text          0x00000000100045fc        0x0 d:/lite/nios2eds/bin/gnu/h-x86_64-mingw32/bin/../lib/gcc/nios2-elf/5.3.0/../../../../../H-x86_64-mingw32/nios2-elf/lib\libc.a(lib_a-findfp.o)
 .text.__fp_unlock
                0x00000000100045fc        0x8 d:/lite/nios2eds/bin/gnu/h-x86_64-mingw32/bin/../lib/gcc/nios2-elf/5.3.0/../../../../../H-x86_64-mingw32/nios2-elf/lib\libc.a(lib_a-findfp.o)
 .text._cleanup_r
                0x0000000010004604        0xc d:/lite/nios2eds/bin/gnu/h-x86_64-mingw32/bin/../lib/gcc/nios2-elf/5.3.0/../../../../../H-x86_64-mingw32/nios2-elf/lib\libc.a(lib_a-findfp.o)
                0x0000000010004604                _cleanup_r
 .text.__sinit.part.1
                0x0000000010004610      0x19c d:/lite/nios2eds/bin/gnu/h-x86_64-mingw32/bin/../lib/gcc/nios2-elf/5.3.0/../../../../../H-x86_64-mingw32/nios2-elf/lib\libc.a(lib_a-findfp.o)
 .text.__fp_lock
                0x00000000100047ac        0x8 d:/lite/nios2eds/bin/gnu/h-x86_64-mingw32/bin/../lib/gcc/nios2-elf/5.3.0/../../../../../H-x86_64-mingw32/nios2-elf/lib\libc.a(lib_a-findfp.o)
 .text.__sfmoreglue
                0x00000000100047b4       0x68 d:/lite/nios2eds/bin/gnu/h-x86_64-mingw32/bin/../lib/gcc/nios2-elf/5.3.0/../../../../../H-x86_64-mingw32/nios2-elf/lib\libc.a(lib_a-findfp.o)
                0x00000000100047b4                __sfmoreglue
 .text.__sfp    0x000000001000481c      0x118 d:/lite/nios2eds/bin/gnu/h-x86_64-mingw32/bin/../lib/gcc/nios2-elf/5.3.0/../../../../../H-x86_64-mingw32/nios2-elf/lib\libc.a(lib_a-findfp.o)
                0x000000001000481c                __sfp
 .text._cleanup
                0x0000000010004934       0x18 d:/lite/nios2eds/bin/gnu/h-x86_64-mingw32/bin/../lib/gcc/nios2-elf/5.3.0/../../../../../H-x86_64-mingw32/nios2-elf/lib\libc.a(lib_a-findfp.o)
                0x0000000010004934                _cleanup
 .text.__sinit  0x000000001000494c       0x10 d:/lite/nios2eds/bin/gnu/h-x86_64-mingw32/bin/../lib/gcc/nios2-elf/5.3.0/../../../../../H-x86_64-mingw32/nios2-elf/lib\libc.a(lib_a-findfp.o)
                0x000000001000494c                __sinit
 .text.__sfp_lock_acquire
                0x000000001000495c        0x4 d:/lite/nios2eds/bin/gnu/h-x86_64-mingw32/bin/../lib/gcc/nios2-elf/5.3.0/../../../../../H-x86_64-mingw32/nios2-elf/lib\libc.a(lib_a-findfp.o)
                0x000000001000495c                __sfp_lock_acquire
 .text.__sfp_lock_release
                0x0000000010004960        0x4 d:/lite/nios2eds/bin/gnu/h-x86_64-mingw32/bin/../lib/gcc/nios2-elf/5.3.0/../../../../../H-x86_64-mingw32/nios2-elf/lib\libc.a(lib_a-findfp.o)
                0x0000000010004960                __sfp_lock_release
 .text.__sinit_lock_acquire
                0x0000000010004964        0x4 d:/lite/nios2eds/bin/gnu/h-x86_64-mingw32/bin/../lib/gcc/nios2-elf/5.3.0/../../../../../H-x86_64-mingw32/nios2-elf/lib\libc.a(lib_a-findfp.o)
                0x0000000010004964                __sinit_lock_acquire
 .text.__sinit_lock_release
                0x0000000010004968        0x4 d:/lite/nios2eds/bin/gnu/h-x86_64-mingw32/bin/../lib/gcc/nios2-elf/5.3.0/../../../../../H-x86_64-mingw32/nios2-elf/lib\libc.a(lib_a-findfp.o)
                0x0000000010004968                __sinit_lock_release
 .text.__fp_lock_all
                0x000000001000496c       0x18 d:/lite/nios2eds/bin/gnu/h-x86_64-mingw32/bin/../lib/gcc/nios2-elf/5.3.0/../../../../../H-x86_64-mingw32/nios2-elf/lib\libc.a(lib_a-findfp.o)
                0x000000001000496c                __fp_lock_all
 .text.__fp_unlock_all
                0x0000000010004984       0x18 d:/lite/nios2eds/bin/gnu/h-x86_64-mingw32/bin/../lib/gcc/nios2-elf/5.3.0/../../../../../H-x86_64-mingw32/nios2-elf/lib\libc.a(lib_a-findfp.o)
                0x0000000010004984                __fp_unlock_all
 .text          0x000000001000499c        0x0 d:/lite/nios2eds/bin/gnu/h-x86_64-mingw32/bin/../lib/gcc/nios2-elf/5.3.0/../../../../../H-x86_64-mingw32/nios2-elf/lib\libc.a(lib_a-freer.o)
 .text._malloc_trim_r
                0x000000001000499c      0x124 d:/lite/nios2eds/bin/gnu/h-x86_64-mingw32/bin/../lib/gcc/nios2-elf/5.3.0/../../../../../H-x86_64-mingw32/nios2-elf/lib\libc.a(lib_a-freer.o)
                0x000000001000499c                _malloc_trim_r
 .text._free_r  0x0000000010004ac0      0x310 d:/lite/nios2eds/bin/gnu/h-x86_64-mingw32/bin/../lib/gcc/nios2-elf/5.3.0/../../../../../H-x86_64-mingw32/nios2-elf/lib\libc.a(lib_a-freer.o)
                0x0000000010004ac0                _free_r
 .text          0x0000000010004dd0        0x0 d:/lite/nios2eds/bin/gnu/h-x86_64-mingw32/bin/../lib/gcc/nios2-elf/5.3.0/../../../../../H-x86_64-mingw32/nios2-elf/lib\libc.a(lib_a-fvwrite.o)
 .text.__sfvwrite_r
                0x0000000010004dd0      0x4bc d:/lite/nios2eds/bin/gnu/h-x86_64-mingw32/bin/../lib/gcc/nios2-elf/5.3.0/../../../../../H-x86_64-mingw32/nios2-elf/lib\libc.a(lib_a-fvwrite.o)
                0x0000000010004dd0                __sfvwrite_r
 .text          0x000000001000528c        0x0 d:/lite/nios2eds/bin/gnu/h-x86_64-mingw32/bin/../lib/gcc/nios2-elf/5.3.0/../../../../../H-x86_64-mingw32/nios2-elf/lib\libc.a(lib_a-fwalk.o)
 .text._fwalk   0x000000001000528c       0xc4 d:/lite/nios2eds/bin/gnu/h-x86_64-mingw32/bin/../lib/gcc/nios2-elf/5.3.0/../../../../../H-x86_64-mingw32/nios2-elf/lib\libc.a(lib_a-fwalk.o)
                0x000000001000528c                _fwalk
 .text._fwalk_reent
                0x0000000010005350       0xc4 d:/lite/nios2eds/bin/gnu/h-x86_64-mingw32/bin/../lib/gcc/nios2-elf/5.3.0/../../../../../H-x86_64-mingw32/nios2-elf/lib\libc.a(lib_a-fwalk.o)
                0x0000000010005350                _fwalk_reent
 .text          0x0000000010005414        0x0 d:/lite/nios2eds/bin/gnu/h-x86_64-mingw32/bin/../lib/gcc/nios2-elf/5.3.0/../../../../../H-x86_64-mingw32/nios2-elf/lib\libc.a(lib_a-impure.o)
 .text          0x0000000010005414        0x0 d:/lite/nios2eds/bin/gnu/h-x86_64-mingw32/bin/../lib/gcc/nios2-elf/5.3.0/../../../../../H-x86_64-mingw32/nios2-elf/lib\libc.a(lib_a-locale.o)
 .text._setlocale_r
                0x0000000010005414       0x7c d:/lite/nios2eds/bin/gnu/h-x86_64-mingw32/bin/../lib/gcc/nios2-elf/5.3.0/../../../../../H-x86_64-mingw32/nios2-elf/lib\libc.a(lib_a-locale.o)
                0x0000000010005414                _setlocale_r
 .text.__locale_charset
                0x0000000010005490        0xc d:/lite/nios2eds/bin/gnu/h-x86_64-mingw32/bin/../lib/gcc/nios2-elf/5.3.0/../../../../../H-x86_64-mingw32/nios2-elf/lib\libc.a(lib_a-locale.o)
                0x0000000010005490                __locale_charset
 .text.__locale_mb_cur_max
                0x000000001000549c       0x10 d:/lite/nios2eds/bin/gnu/h-x86_64-mingw32/bin/../lib/gcc/nios2-elf/5.3.0/../../../../../H-x86_64-mingw32/nios2-elf/lib\libc.a(lib_a-locale.o)
                0x000000001000549c                __locale_mb_cur_max
 .text.__locale_msgcharset
                0x00000000100054ac        0xc d:/lite/nios2eds/bin/gnu/h-x86_64-mingw32/bin/../lib/gcc/nios2-elf/5.3.0/../../../../../H-x86_64-mingw32/nios2-elf/lib\libc.a(lib_a-locale.o)
                0x00000000100054ac                __locale_msgcharset
 .text.__locale_cjk_lang
                0x00000000100054b8        0x8 d:/lite/nios2eds/bin/gnu/h-x86_64-mingw32/bin/../lib/gcc/nios2-elf/5.3.0/../../../../../H-x86_64-mingw32/nios2-elf/lib\libc.a(lib_a-locale.o)
                0x00000000100054b8                __locale_cjk_lang
 .text._localeconv_r
                0x00000000100054c0        0xc d:/lite/nios2eds/bin/gnu/h-x86_64-mingw32/bin/../lib/gcc/nios2-elf/5.3.0/../../../../../H-x86_64-mingw32/nios2-elf/lib\libc.a(lib_a-locale.o)
                0x00000000100054c0                _localeconv_r
 .text.setlocale
                0x00000000100054cc       0x18 d:/lite/nios2eds/bin/gnu/h-x86_64-mingw32/bin/../lib/gcc/nios2-elf/5.3.0/../../../../../H-x86_64-mingw32/nios2-elf/lib\libc.a(lib_a-locale.o)
                0x00000000100054cc                setlocale
 .text.localeconv
                0x00000000100054e4        0xc d:/lite/nios2eds/bin/gnu/h-x86_64-mingw32/bin/../lib/gcc/nios2-elf/5.3.0/../../../../../H-x86_64-mingw32/nios2-elf/lib\libc.a(lib_a-locale.o)
                0x00000000100054e4                localeconv
 .text          0x00000000100054f0        0x0 d:/lite/nios2eds/bin/gnu/h-x86_64-mingw32/bin/../lib/gcc/nios2-elf/5.3.0/../../../../../H-x86_64-mingw32/nios2-elf/lib\libc.a(lib_a-makebuf.o)
 .text.__smakebuf_r
                0x00000000100054f0      0x1bc d:/lite/nios2eds/bin/gnu/h-x86_64-mingw32/bin/../lib/gcc/nios2-elf/5.3.0/../../../../../H-x86_64-mingw32/nios2-elf/lib\libc.a(lib_a-makebuf.o)
                0x00000000100054f0                __smakebuf_r
 .text          0x00000000100056ac        0x0 d:/lite/nios2eds/bin/gnu/h-x86_64-mingw32/bin/../lib/gcc/nios2-elf/5.3.0/../../../../../H-x86_64-mingw32/nios2-elf/lib\libc.a(lib_a-mallocr.o)
 .text._malloc_r
                0x00000000100056ac      0x80c d:/lite/nios2eds/bin/gnu/h-x86_64-mingw32/bin/../lib/gcc/nios2-elf/5.3.0/../../../../../H-x86_64-mingw32/nios2-elf/lib\libc.a(lib_a-mallocr.o)
                0x00000000100056ac                _malloc_r
 .text          0x0000000010005eb8        0x0 d:/lite/nios2eds/bin/gnu/h-x86_64-mingw32/bin/../lib/gcc/nios2-elf/5.3.0/../../../../../H-x86_64-mingw32/nios2-elf/lib\libc.a(lib_a-memchr.o)
 .text.memchr   0x0000000010005eb8       0xe4 d:/lite/nios2eds/bin/gnu/h-x86_64-mingw32/bin/../lib/gcc/nios2-elf/5.3.0/../../../../../H-x86_64-mingw32/nios2-elf/lib\libc.a(lib_a-memchr.o)
                0x0000000010005eb8                memchr
 .text          0x0000000010005f9c        0x0 d:/lite/nios2eds/bin/gnu/h-x86_64-mingw32/bin/../lib/gcc/nios2-elf/5.3.0/../../../../../H-x86_64-mingw32/nios2-elf/lib\libc.a(lib_a-memcpy.o)
 .text.memcpy   0x0000000010005f9c      0x148 d:/lite/nios2eds/bin/gnu/h-x86_64-mingw32/bin/../lib/gcc/nios2-elf/5.3.0/../../../../../H-x86_64-mingw32/nios2-elf/lib\libc.a(lib_a-memcpy.o)
                0x0000000010005f9c                memcpy
 .text          0x00000000100060e4        0x0 d:/lite/nios2eds/bin/gnu/h-x86_64-mingw32/bin/../lib/gcc/nios2-elf/5.3.0/../../../../../H-x86_64-mingw32/nios2-elf/lib\libc.a(lib_a-memmove.o)
 .text.memmove  0x00000000100060e4      0x15c d:/lite/nios2eds/bin/gnu/h-x86_64-mingw32/bin/../lib/gcc/nios2-elf/5.3.0/../../../../../H-x86_64-mingw32/nios2-elf/lib\libc.a(lib_a-memmove.o)
                0x00000000100060e4                memmove
 .text          0x0000000010006240        0x0 d:/lite/nios2eds/bin/gnu/h-x86_64-mingw32/bin/../lib/gcc/nios2-elf/5.3.0/../../../../../H-x86_64-mingw32/nios2-elf/lib\libc.a(lib_a-memset.o)
 .text.memset   0x0000000010006240      0x128 d:/lite/nios2eds/bin/gnu/h-x86_64-mingw32/bin/../lib/gcc/nios2-elf/5.3.0/../../../../../H-x86_64-mingw32/nios2-elf/lib\libc.a(lib_a-memset.o)
                0x0000000010006240                memset
 .text          0x0000000010006368        0x0 d:/lite/nios2eds/bin/gnu/h-x86_64-mingw32/bin/../lib/gcc/nios2-elf/5.3.0/../../../../../H-x86_64-mingw32/nios2-elf/lib\libc.a(lib_a-mprec.o)
 .text._Balloc  0x0000000010006368       0xa8 d:/lite/nios2eds/bin/gnu/h-x86_64-mingw32/bin/../lib/gcc/nios2-elf/5.3.0/../../../../../H-x86_64-mingw32/nios2-elf/lib\libc.a(lib_a-mprec.o)
                0x0000000010006368                _Balloc
 .text._Bfree   0x0000000010006410       0x28 d:/lite/nios2eds/bin/gnu/h-x86_64-mingw32/bin/../lib/gcc/nios2-elf/5.3.0/../../../../../H-x86_64-mingw32/nios2-elf/lib\libc.a(lib_a-mprec.o)
                0x0000000010006410                _Bfree
 .text.__multadd
                0x0000000010006438      0x120 d:/lite/nios2eds/bin/gnu/h-x86_64-mingw32/bin/../lib/gcc/nios2-elf/5.3.0/../../../../../H-x86_64-mingw32/nios2-elf/lib\libc.a(lib_a-mprec.o)
                0x0000000010006438                __multadd
 .text.__s2b    0x0000000010006558      0x104 d:/lite/nios2eds/bin/gnu/h-x86_64-mingw32/bin/../lib/gcc/nios2-elf/5.3.0/../../../../../H-x86_64-mingw32/nios2-elf/lib\libc.a(lib_a-mprec.o)
                0x0000000010006558                __s2b
 .text.__hi0bits
                0x000000001000665c       0x68 d:/lite/nios2eds/bin/gnu/h-x86_64-mingw32/bin/../lib/gcc/nios2-elf/5.3.0/../../../../../H-x86_64-mingw32/nios2-elf/lib\libc.a(lib_a-mprec.o)
                0x000000001000665c                __hi0bits
 .text.__lo0bits
                0x00000000100066c4       0xb0 d:/lite/nios2eds/bin/gnu/h-x86_64-mingw32/bin/../lib/gcc/nios2-elf/5.3.0/../../../../../H-x86_64-mingw32/nios2-elf/lib\libc.a(lib_a-mprec.o)
                0x00000000100066c4                __lo0bits
 .text.__i2b    0x0000000010006774       0x3c d:/lite/nios2eds/bin/gnu/h-x86_64-mingw32/bin/../lib/gcc/nios2-elf/5.3.0/../../../../../H-x86_64-mingw32/nios2-elf/lib\libc.a(lib_a-mprec.o)
                0x0000000010006774                __i2b
 .text.__multiply
                0x00000000100067b0      0x1f8 d:/lite/nios2eds/bin/gnu/h-x86_64-mingw32/bin/../lib/gcc/nios2-elf/5.3.0/../../../../../H-x86_64-mingw32/nios2-elf/lib\libc.a(lib_a-mprec.o)
                0x00000000100067b0                __multiply
 .text.__pow5mult
                0x00000000100069a8      0x140 d:/lite/nios2eds/bin/gnu/h-x86_64-mingw32/bin/../lib/gcc/nios2-elf/5.3.0/../../../../../H-x86_64-mingw32/nios2-elf/lib\libc.a(lib_a-mprec.o)
                0x00000000100069a8                __pow5mult
 .text.__lshift
                0x0000000010006ae8      0x148 d:/lite/nios2eds/bin/gnu/h-x86_64-mingw32/bin/../lib/gcc/nios2-elf/5.3.0/../../../../../H-x86_64-mingw32/nios2-elf/lib\libc.a(lib_a-mprec.o)
                0x0000000010006ae8                __lshift
 .text.__mcmp   0x0000000010006c30       0x60 d:/lite/nios2eds/bin/gnu/h-x86_64-mingw32/bin/../lib/gcc/nios2-elf/5.3.0/../../../../../H-x86_64-mingw32/nios2-elf/lib\libc.a(lib_a-mprec.o)
                0x0000000010006c30                __mcmp
 .text.__mdiff  0x0000000010006c90      0x1fc d:/lite/nios2eds/bin/gnu/h-x86_64-mingw32/bin/../lib/gcc/nios2-elf/5.3.0/../../../../../H-x86_64-mingw32/nios2-elf/lib\libc.a(lib_a-mprec.o)
                0x0000000010006c90                __mdiff
 .text.__ulp    0x0000000010006e8c       0x64 d:/lite/nios2eds/bin/gnu/h-x86_64-mingw32/bin/../lib/gcc/nios2-elf/5.3.0/../../../../../H-x86_64-mingw32/nios2-elf/lib\libc.a(lib_a-mprec.o)
                0x0000000010006e8c                __ulp
 .text.__b2d    0x0000000010006ef0      0x10c d:/lite/nios2eds/bin/gnu/h-x86_64-mingw32/bin/../lib/gcc/nios2-elf/5.3.0/../../../../../H-x86_64-mingw32/nios2-elf/lib\libc.a(lib_a-mprec.o)
                0x0000000010006ef0                __b2d
 .text.__d2b    0x0000000010006ffc      0x14c d:/lite/nios2eds/bin/gnu/h-x86_64-mingw32/bin/../lib/gcc/nios2-elf/5.3.0/../../../../../H-x86_64-mingw32/nios2-elf/lib\libc.a(lib_a-mprec.o)
                0x0000000010006ffc                __d2b
 .text.__ratio  0x0000000010007148       0xa4 d:/lite/nios2eds/bin/gnu/h-x86_64-mingw32/bin/../lib/gcc/nios2-elf/5.3.0/../../../../../H-x86_64-mingw32/nios2-elf/lib\libc.a(lib_a-mprec.o)
                0x0000000010007148                __ratio
 .text._mprec_log10
                0x00000000100071ec       0x74 d:/lite/nios2eds/bin/gnu/h-x86_64-mingw32/bin/../lib/gcc/nios2-elf/5.3.0/../../../../../H-x86_64-mingw32/nios2-elf/lib\libc.a(lib_a-mprec.o)
                0x00000000100071ec                _mprec_log10
 .text.__copybits
                0x0000000010007260       0x78 d:/lite/nios2eds/bin/gnu/h-x86_64-mingw32/bin/../lib/gcc/nios2-elf/5.3.0/../../../../../H-x86_64-mingw32/nios2-elf/lib\libc.a(lib_a-mprec.o)
                0x0000000010007260                __copybits
 .text.__any_on
                0x00000000100072d8       0x8c d:/lite/nios2eds/bin/gnu/h-x86_64-mingw32/bin/../lib/gcc/nios2-elf/5.3.0/../../../../../H-x86_64-mingw32/nios2-elf/lib\libc.a(lib_a-mprec.o)
                0x00000000100072d8                __any_on
 .text          0x0000000010007364        0x0 d:/lite/nios2eds/bin/gnu/h-x86_64-mingw32/bin/../lib/gcc/nios2-elf/5.3.0/../../../../../H-x86_64-mingw32/nios2-elf/lib\libc.a(lib_a-reallocr.o)
 .text._realloc_r
                0x0000000010007364      0x564 d:/lite/nios2eds/bin/gnu/h-x86_64-mingw32/bin/../lib/gcc/nios2-elf/5.3.0/../../../../../H-x86_64-mingw32/nios2-elf/lib\libc.a(lib_a-reallocr.o)
                0x0000000010007364                _realloc_r
 .text          0x00000000100078c8        0x0 d:/lite/nios2eds/bin/gnu/h-x86_64-mingw32/bin/../lib/gcc/nios2-elf/5.3.0/../../../../../H-x86_64-mingw32/nios2-elf/lib\libc.a(lib_a-s_fpclassify.o)
 .text.__fpclassifyd
                0x00000000100078c8       0x74 d:/lite/nios2eds/bin/gnu/h-x86_64-mingw32/bin/../lib/gcc/nios2-elf/5.3.0/../../../../../H-x86_64-mingw32/nios2-elf/lib\libc.a(lib_a-s_fpclassify.o)
                0x00000000100078c8                __fpclassifyd
 .text          0x000000001000793c        0x0 d:/lite/nios2eds/bin/gnu/h-x86_64-mingw32/bin/../lib/gcc/nios2-elf/5.3.0/../../../../../H-x86_64-mingw32/nios2-elf/lib\libc.a(lib_a-sbrkr.o)
 .text._sbrk_r  0x000000001000793c       0x54 d:/lite/nios2eds/bin/gnu/h-x86_64-mingw32/bin/../lib/gcc/nios2-elf/5.3.0/../../../../../H-x86_64-mingw32/nios2-elf/lib\libc.a(lib_a-sbrkr.o)
                0x000000001000793c                _sbrk_r
 .text          0x0000000010007990        0x0 d:/lite/nios2eds/bin/gnu/h-x86_64-mingw32/bin/../lib/gcc/nios2-elf/5.3.0/../../../../../H-x86_64-mingw32/nios2-elf/lib\libc.a(lib_a-stdio.o)
 .text.__sread  0x0000000010007990       0x54 d:/lite/nios2eds/bin/gnu/h-x86_64-mingw32/bin/../lib/gcc/nios2-elf/5.3.0/../../../../../H-x86_64-mingw32/nios2-elf/lib\libc.a(lib_a-stdio.o)
                0x0000000010007990                __sread
 .text.__seofread
                0x00000000100079e4        0x8 d:/lite/nios2eds/bin/gnu/h-x86_64-mingw32/bin/../lib/gcc/nios2-elf/5.3.0/../../../../../H-x86_64-mingw32/nios2-elf/lib\libc.a(lib_a-stdio.o)
                0x00000000100079e4                __seofread
 .text.__swrite
                0x00000000100079ec       0x7c d:/lite/nios2eds/bin/gnu/h-x86_64-mingw32/bin/../lib/gcc/nios2-elf/5.3.0/../../../../../H-x86_64-mingw32/nios2-elf/lib\libc.a(lib_a-stdio.o)
                0x00000000100079ec                __swrite
 .text.__sseek  0x0000000010007a68       0x5c d:/lite/nios2eds/bin/gnu/h-x86_64-mingw32/bin/../lib/gcc/nios2-elf/5.3.0/../../../../../H-x86_64-mingw32/nios2-elf/lib\libc.a(lib_a-stdio.o)
                0x0000000010007a68                __sseek
 .text.__sclose
                0x0000000010007ac4        0x8 d:/lite/nios2eds/bin/gnu/h-x86_64-mingw32/bin/../lib/gcc/nios2-elf/5.3.0/../../../../../H-x86_64-mingw32/nios2-elf/lib\libc.a(lib_a-stdio.o)
                0x0000000010007ac4                __sclose
 .text          0x0000000010007acc        0x0 d:/lite/nios2eds/bin/gnu/h-x86_64-mingw32/bin/../lib/gcc/nios2-elf/5.3.0/../../../../../H-x86_64-mingw32/nios2-elf/lib\libc.a(lib_a-strcmp.o)
 .text.strcmp   0x0000000010007acc       0xdc d:/lite/nios2eds/bin/gnu/h-x86_64-mingw32/bin/../lib/gcc/nios2-elf/5.3.0/../../../../../H-x86_64-mingw32/nios2-elf/lib\libc.a(lib_a-strcmp.o)
                0x0000000010007acc                strcmp
 .text          0x0000000010007ba8        0x0 d:/lite/nios2eds/bin/gnu/h-x86_64-mingw32/bin/../lib/gcc/nios2-elf/5.3.0/../../../../../H-x86_64-mingw32/nios2-elf/lib\libc.a(lib_a-vfiprintf.o)
 .text.__sprint_r.part.0
                0x0000000010007ba8       0xfc d:/lite/nios2eds/bin/gnu/h-x86_64-mingw32/bin/../lib/gcc/nios2-elf/5.3.0/../../../../../H-x86_64-mingw32/nios2-elf/lib\libc.a(lib_a-vfiprintf.o)
 .text.__sprint_r
                0x0000000010007ca4       0x18 d:/lite/nios2eds/bin/gnu/h-x86_64-mingw32/bin/../lib/gcc/nios2-elf/5.3.0/../../../../../H-x86_64-mingw32/nios2-elf/lib\libc.a(lib_a-vfiprintf.o)
                0x0000000010007ca4                __sprint_r
 .text.___vfiprintf_internal_r
                0x0000000010007cbc     0x145c d:/lite/nios2eds/bin/gnu/h-x86_64-mingw32/bin/../lib/gcc/nios2-elf/5.3.0/../../../../../H-x86_64-mingw32/nios2-elf/lib\libc.a(lib_a-vfiprintf.o)
                0x0000000010007cbc                ___vfiprintf_internal_r
 .text.__vfiprintf_internal
                0x0000000010009118       0x1c d:/lite/nios2eds/bin/gnu/h-x86_64-mingw32/bin/../lib/gcc/nios2-elf/5.3.0/../../../../../H-x86_64-mingw32/nios2-elf/lib\libc.a(lib_a-vfiprintf.o)
                0x0000000010009118                __vfiprintf_internal
 .text.__sbprintf
                0x0000000010009134       0xbc d:/lite/nios2eds/bin/gnu/h-x86_64-mingw32/bin/../lib/gcc/nios2-elf/5.3.0/../../../../../H-x86_64-mingw32/nios2-elf/lib\libc.a(lib_a-vfiprintf.o)
 .text          0x00000000100091f0        0x0 d:/lite/nios2eds/bin/gnu/h-x86_64-mingw32/bin/../lib/gcc/nios2-elf/5.3.0/../../../../../H-x86_64-mingw32/nios2-elf/lib\libc.a(lib_a-writer.o)
 .text._write_r
                0x00000000100091f0       0x60 d:/lite/nios2eds/bin/gnu/h-x86_64-mingw32/bin/../lib/gcc/nios2-elf/5.3.0/../../../../../H-x86_64-mingw32/nios2-elf/lib\libc.a(lib_a-writer.o)
                0x00000000100091f0                _write_r
 .text          0x0000000010009250        0x0 d:/lite/nios2eds/bin/gnu/h-x86_64-mingw32/bin/../lib/gcc/nios2-elf/5.3.0/../../../../../H-x86_64-mingw32/nios2-elf/lib\libc.a(closer.o)
 .text._close_r
                0x0000000010009250       0x54 d:/lite/nios2eds/bin/gnu/h-x86_64-mingw32/bin/../lib/gcc/nios2-elf/5.3.0/../../../../../H-x86_64-mingw32/nios2-elf/lib\libc.a(closer.o)
                0x0000000010009250                _close_r
 .text          0x00000000100092a4        0x0 d:/lite/nios2eds/bin/gnu/h-x86_64-mingw32/bin/../lib/gcc/nios2-elf/5.3.0/../../../../../H-x86_64-mingw32/nios2-elf/lib\libc.a(lib_a-callocr.o)
 .text._calloc_r
                0x00000000100092a4       0xc4 d:/lite/nios2eds/bin/gnu/h-x86_64-mingw32/bin/../lib/gcc/nios2-elf/5.3.0/../../../../../H-x86_64-mingw32/nios2-elf/lib\libc.a(lib_a-callocr.o)
                0x00000000100092a4                _calloc_r
 .text          0x0000000010009368        0x0 d:/lite/nios2eds/bin/gnu/h-x86_64-mingw32/bin/../lib/gcc/nios2-elf/5.3.0/../../../../../H-x86_64-mingw32/nios2-elf/lib\libc.a(lib_a-fclose.o)
 .text._fclose_r
                0x0000000010009368       0xf0 d:/lite/nios2eds/bin/gnu/h-x86_64-mingw32/bin/../lib/gcc/nios2-elf/5.3.0/../../../../../H-x86_64-mingw32/nios2-elf/lib\libc.a(lib_a-fclose.o)
                0x0000000010009368                _fclose_r
 .text.fclose   0x0000000010009458       0x14 d:/lite/nios2eds/bin/gnu/h-x86_64-mingw32/bin/../lib/gcc/nios2-elf/5.3.0/../../../../../H-x86_64-mingw32/nios2-elf/lib\libc.a(lib_a-fclose.o)
                0x0000000010009458                fclose
 .text          0x000000001000946c        0x0 d:/lite/nios2eds/bin/gnu/h-x86_64-mingw32/bin/../lib/gcc/nios2-elf/5.3.0/../../../../../H-x86_64-mingw32/nios2-elf/lib\libc.a(lib_a-fputwc.o)
 .text.__fputwc
                0x000000001000946c      0x164 d:/lite/nios2eds/bin/gnu/h-x86_64-mingw32/bin/../lib/gcc/nios2-elf/5.3.0/../../../../../H-x86_64-mingw32/nios2-elf/lib\libc.a(lib_a-fputwc.o)
                0x000000001000946c                __fputwc
 .text._fputwc_r
                0x00000000100095d0       0x24 d:/lite/nios2eds/bin/gnu/h-x86_64-mingw32/bin/../lib/gcc/nios2-elf/5.3.0/../../../../../H-x86_64-mingw32/nios2-elf/lib\libc.a(lib_a-fputwc.o)
                0x00000000100095d0                _fputwc_r
 .text.fputwc   0x00000000100095f4       0x80 d:/lite/nios2eds/bin/gnu/h-x86_64-mingw32/bin/../lib/gcc/nios2-elf/5.3.0/../../../../../H-x86_64-mingw32/nios2-elf/lib\libc.a(lib_a-fputwc.o)
                0x00000000100095f4                fputwc
 .text          0x0000000010009674        0x0 d:/lite/nios2eds/bin/gnu/h-x86_64-mingw32/bin/../lib/gcc/nios2-elf/5.3.0/../../../../../H-x86_64-mingw32/nios2-elf/lib\libc.a(lib_a-fstatr.o)
 .text._fstat_r
                0x0000000010009674       0x5c d:/lite/nios2eds/bin/gnu/h-x86_64-mingw32/bin/../lib/gcc/nios2-elf/5.3.0/../../../../../H-x86_64-mingw32/nios2-elf/lib\libc.a(lib_a-fstatr.o)
                0x0000000010009674                _fstat_r
 .text          0x00000000100096d0        0x0 d:/lite/nios2eds/bin/gnu/h-x86_64-mingw32/bin/../lib/gcc/nios2-elf/5.3.0/../../../../../H-x86_64-mingw32/nios2-elf/lib\libc.a(lib_a-int_errno.o)
 .text          0x00000000100096d0        0x0 d:/lite/nios2eds/bin/gnu/h-x86_64-mingw32/bin/../lib/gcc/nios2-elf/5.3.0/../../../../../H-x86_64-mingw32/nios2-elf/lib\libc.a(lib_a-isattyr.o)
 .text._isatty_r
                0x00000000100096d0       0x54 d:/lite/nios2eds/bin/gnu/h-x86_64-mingw32/bin/../lib/gcc/nios2-elf/5.3.0/../../../../../H-x86_64-mingw32/nios2-elf/lib\libc.a(lib_a-isattyr.o)
                0x00000000100096d0                _isatty_r
 .text          0x0000000010009724        0x0 d:/lite/nios2eds/bin/gnu/h-x86_64-mingw32/bin/../lib/gcc/nios2-elf/5.3.0/../../../../../H-x86_64-mingw32/nios2-elf/lib\libc.a(lib_a-lseekr.o)
 .text._lseek_r
                0x0000000010009724       0x60 d:/lite/nios2eds/bin/gnu/h-x86_64-mingw32/bin/../lib/gcc/nios2-elf/5.3.0/../../../../../H-x86_64-mingw32/nios2-elf/lib\libc.a(lib_a-lseekr.o)
                0x0000000010009724                _lseek_r
 .text          0x0000000010009784        0x0 d:/lite/nios2eds/bin/gnu/h-x86_64-mingw32/bin/../lib/gcc/nios2-elf/5.3.0/../../../../../H-x86_64-mingw32/nios2-elf/lib\libc.a(lib_a-readr.o)
 .text._read_r  0x0000000010009784       0x60 d:/lite/nios2eds/bin/gnu/h-x86_64-mingw32/bin/../lib/gcc/nios2-elf/5.3.0/../../../../../H-x86_64-mingw32/nios2-elf/lib\libc.a(lib_a-readr.o)
                0x0000000010009784                _read_r
 .text          0x00000000100097e4        0x0 d:/lite/nios2eds/bin/gnu/h-x86_64-mingw32/bin/../lib/gcc/nios2-elf/5.3.0/../../../../../H-x86_64-mingw32/nios2-elf/lib\libc.a(lib_a-wbuf.o)
 .text.__swbuf_r
                0x00000000100097e4      0x140 d:/lite/nios2eds/bin/gnu/h-x86_64-mingw32/bin/../lib/gcc/nios2-elf/5.3.0/../../../../../H-x86_64-mingw32/nios2-elf/lib\libc.a(lib_a-wbuf.o)
                0x00000000100097e4                __swbuf_r
 .text.__swbuf  0x0000000010009924       0x18 d:/lite/nios2eds/bin/gnu/h-x86_64-mingw32/bin/../lib/gcc/nios2-elf/5.3.0/../../../../../H-x86_64-mingw32/nios2-elf/lib\libc.a(lib_a-wbuf.o)
                0x0000000010009924                __swbuf
 .text          0x000000001000993c        0x0 d:/lite/nios2eds/bin/gnu/h-x86_64-mingw32/bin/../lib/gcc/nios2-elf/5.3.0/../../../../../H-x86_64-mingw32/nios2-elf/lib\libc.a(lib_a-wcrtomb.o)
 .text._wcrtomb_r
                0x000000001000993c       0x9c d:/lite/nios2eds/bin/gnu/h-x86_64-mingw32/bin/../lib/gcc/nios2-elf/5.3.0/../../../../../H-x86_64-mingw32/nios2-elf/lib\libc.a(lib_a-wcrtomb.o)
                0x000000001000993c                _wcrtomb_r
 .text.wcrtomb  0x00000000100099d8       0xc0 d:/lite/nios2eds/bin/gnu/h-x86_64-mingw32/bin/../lib/gcc/nios2-elf/5.3.0/../../../../../H-x86_64-mingw32/nios2-elf/lib\libc.a(lib_a-wcrtomb.o)
                0x00000000100099d8                wcrtomb
 .text          0x0000000010009a98        0x0 d:/lite/nios2eds/bin/gnu/h-x86_64-mingw32/bin/../lib/gcc/nios2-elf/5.3.0/../../../../../H-x86_64-mingw32/nios2-elf/lib\libc.a(lib_a-wctomb_r.o)
 .text.__ascii_wctomb
                0x0000000010009a98       0x30 d:/lite/nios2eds/bin/gnu/h-x86_64-mingw32/bin/../lib/gcc/nios2-elf/5.3.0/../../../../../H-x86_64-mingw32/nios2-elf/lib\libc.a(lib_a-wctomb_r.o)
                0x0000000010009a98                __ascii_wctomb
 .text._wctomb_r
                0x0000000010009ac8       0x5c d:/lite/nios2eds/bin/gnu/h-x86_64-mingw32/bin/../lib/gcc/nios2-elf/5.3.0/../../../../../H-x86_64-mingw32/nios2-elf/lib\libc.a(lib_a-wctomb_r.o)
                0x0000000010009ac8                _wctomb_r
 .text          0x0000000010009b24      0x578 d:/lite/nios2eds/bin/gnu/h-x86_64-mingw32/bin/../lib/gcc/nios2-elf/5.3.0\libgcc.a(_udivdi3.o)
                0x0000000010009b24                __udivdi3
 .text          0x000000001000a09c      0x538 d:/lite/nios2eds/bin/gnu/h-x86_64-mingw32/bin/../lib/gcc/nios2-elf/5.3.0\libgcc.a(_umoddi3.o)
                0x000000001000a09c                __umoddi3
 .text          0x000000001000a5d4      0x1b4 d:/lite/nios2eds/bin/gnu/h-x86_64-mingw32/bin/../lib/gcc/nios2-elf/5.3.0\libgcc.a(lib2-divmod.o)
                0x000000001000a5d4                __divsi3
                0x000000001000a658                __modsi3
                0x000000001000a6cc                __udivsi3
                0x000000001000a730                __umodsi3
 .text          0x000000001000a788      0x8ac d:/lite/nios2eds/bin/gnu/h-x86_64-mingw32/bin/../lib/gcc/nios2-elf/5.3.0\libgcc.a(adddf3.o)
                0x000000001000a788                __adddf3
 .text          0x000000001000b034      0x8e8 d:/lite/nios2eds/bin/gnu/h-x86_64-mingw32/bin/../lib/gcc/nios2-elf/5.3.0\libgcc.a(divdf3.o)
                0x000000001000b034                __divdf3
 .text          0x000000001000b91c       0x88 d:/lite/nios2eds/bin/gnu/h-x86_64-mingw32/bin/../lib/gcc/nios2-elf/5.3.0\libgcc.a(eqdf2.o)
                0x000000001000b91c                __nedf2
                0x000000001000b91c                __eqdf2
 .text          0x000000001000b9a4       0xdc d:/lite/nios2eds/bin/gnu/h-x86_64-mingw32/bin/../lib/gcc/nios2-elf/5.3.0\libgcc.a(gedf2.o)
                0x000000001000b9a4                __gedf2
                0x000000001000b9a4                __gtdf2
 .text          0x000000001000ba80       0xf4 d:/lite/nios2eds/bin/gnu/h-x86_64-mingw32/bin/../lib/gcc/nios2-elf/5.3.0\libgcc.a(ledf2.o)
                0x000000001000ba80                __ledf2
                0x000000001000ba80                __ltdf2
 .text          0x000000001000bb74      0x718 d:/lite/nios2eds/bin/gnu/h-x86_64-mingw32/bin/../lib/gcc/nios2-elf/5.3.0\libgcc.a(muldf3.o)
                0x000000001000bb74                __muldf3
 .text          0x000000001000c28c      0x8fc d:/lite/nios2eds/bin/gnu/h-x86_64-mingw32/bin/../lib/gcc/nios2-elf/5.3.0\libgcc.a(subdf3.o)
                0x000000001000c28c                __subdf3
 .text          0x000000001000cb88       0x80 d:/lite/nios2eds/bin/gnu/h-x86_64-mingw32/bin/../lib/gcc/nios2-elf/5.3.0\libgcc.a(fixdfsi.o)
                0x000000001000cb88                __fixdfsi
 .text          0x000000001000cc08       0xdc d:/lite/nios2eds/bin/gnu/h-x86_64-mingw32/bin/../lib/gcc/nios2-elf/5.3.0\libgcc.a(floatsidf.o)
                0x000000001000cc08                __floatsidf
 .text          0x000000001000cce4       0xa8 d:/lite/nios2eds/bin/gnu/h-x86_64-mingw32/bin/../lib/gcc/nios2-elf/5.3.0\libgcc.a(floatunsidf.o)
                0x000000001000cce4                __floatunsidf
 .text          0x000000001000cd8c        0x0 d:/lite/nios2eds/bin/gnu/h-x86_64-mingw32/bin/../lib/gcc/nios2-elf/5.3.0\libgcc.a(_clz.o)
 .text          0x000000001000cd8c       0x64 d:/lite/nios2eds/bin/gnu/h-x86_64-mingw32/bin/../lib/gcc/nios2-elf/5.3.0\libgcc.a(_clzsi2.o)
                0x000000001000cd8c                __clzsi2
 .text          0x000000001000cdf0      0x10c ../ECE178FINAL_bsp/\libhal_bsp.a(alt_close.o)
                0x000000001000ce2c                close
 .text          0x000000001000cefc       0x2c ../ECE178FINAL_bsp/\libhal_bsp.a(alt_dev.o)
 .text          0x000000001000cf28        0x0 ../ECE178FINAL_bsp/\libhal_bsp.a(alt_errno.o)
 .text          0x000000001000cf28       0xec ../ECE178FINAL_bsp/\libhal_bsp.a(alt_fstat.o)
                0x000000001000cf64                fstat
 .text          0x000000001000d014       0xe0 ../ECE178FINAL_bsp/\libhal_bsp.a(alt_isatty.o)
                0x000000001000d050                isatty
 .text          0x000000001000d0f4       0xec ../ECE178FINAL_bsp/\libhal_bsp.a(alt_load.o)
                0x000000001000d15c                alt_load
 .text          0x000000001000d1e0      0x110 ../ECE178FINAL_bsp/\libhal_bsp.a(alt_lseek.o)
                0x000000001000d21c                lseek
 .text          0x000000001000d2f0       0x7c ../ECE178FINAL_bsp/\libhal_bsp.a(alt_main.o)
                0x000000001000d2f0                alt_main
 .text          0x000000001000d36c       0x48 ../ECE178FINAL_bsp/\libhal_bsp.a(alt_malloc_lock.o)
                0x000000001000d36c                __malloc_lock
                0x000000001000d390                __malloc_unlock
 .text          0x000000001000d3b4      0x138 ../ECE178FINAL_bsp/\libhal_bsp.a(alt_read.o)
                0x000000001000d3f0                read
 .text          0x000000001000d4ec       0x64 ../ECE178FINAL_bsp/\libhal_bsp.a(alt_release_fd.o)
                0x000000001000d4ec                alt_release_fd
 .text          0x000000001000d550       0xb0 ../ECE178FINAL_bsp/\libhal_bsp.a(alt_sbrk.o)
                0x000000001000d550                sbrk
 .text          0x000000001000d600      0x134 ../ECE178FINAL_bsp/\libhal_bsp.a(alt_write.o)
                0x000000001000d63c                write
 .text          0x000000001000d734      0x2a0 ../ECE178FINAL_bsp/\libhal_bsp.a(alt_sys_init.o)
                0x000000001000d768                alt_irq_init
                0x000000001000d7a0                alt_sys_init
 .text          0x000000001000d9d4     0x432c ../ECE178FINAL_bsp/\libhal_bsp.a(Altera_UP_SD_Card_Avalon_Interface.o)
                0x000000001000d9d4                Write_Sector_Data
                0x000000001000da88                Save_Modified_Sector
                0x000000001000dad4                Read_Sector_Data
                0x000000001000dbac                get_cluster_flag
                0x000000001000dc60                mark_cluster
                0x000000001000dd40                Check_for_Master_Boot_Record
                0x000000001000dee4                Read_File_Record_At_Offset
                0x000000001000e160                Write_File_Record_At_Offset
                0x000000001000e3ec                Check_for_DOS_FAT
                0x000000001000ea8c                Look_for_FAT16
                0x000000001000eb78                filename_to_upper_case
                0x000000001000ec3c                check_file_name_for_FAT16_compliance
                0x000000001000eea8                get_dir_divider_location
                0x000000001000ef60                match_file_record_to_name_ext
                0x000000001000f1fc                get_home_directory_cluster_for_file
                0x000000001000f73c                find_file_in_directory
                0x000000001000fbb8                find_first_empty_cluster
                0x000000001000fd74                find_first_empty_record_in_a_subdirectory
                0x000000001000ffc0                find_first_empty_record_in_root_directory
                0x00000000100100f4                convert_filename_to_name_extension
                0x0000000010010280                create_file
                0x0000000010010548                copy_file_record_name_to_string
                0x0000000010010690                alt_up_sd_card_open_dev
                0x000000001001074c                alt_up_sd_card_is_Present
                0x0000000010010810                alt_up_sd_card_is_FAT16
                0x000000001001087c                alt_up_sd_card_find_first
                0x000000001001094c                alt_up_sd_card_find_next
                0x0000000010010d0c                alt_up_sd_card_fopen
                0x0000000010011088                alt_up_sd_card_set_attributes
                0x0000000010011110                alt_up_sd_card_get_attributes
                0x0000000010011198                alt_up_sd_card_read
                0x0000000010011510                alt_up_sd_card_write
                0x0000000010011b44                alt_up_sd_card_fclose
 .text          0x0000000010011d00      0x164 ../ECE178FINAL_bsp/\libhal_bsp.a(altera_avalon_jtag_uart_fd.o)
                0x0000000010011d00                altera_avalon_jtag_uart_read_fd
                0x0000000010011d60                altera_avalon_jtag_uart_write_fd
                0x0000000010011dc0                altera_avalon_jtag_uart_close_fd
                0x0000000010011e10                altera_avalon_jtag_uart_ioctl_fd
 .text          0x0000000010011e64      0x3d4 ../ECE178FINAL_bsp/\libhal_bsp.a(altera_avalon_jtag_uart_init.o)
                0x0000000010011e64                altera_avalon_jtag_uart_init
                0x00000000100121d0                altera_avalon_jtag_uart_close
 .text          0x0000000010012238       0xf0 ../ECE178FINAL_bsp/\libhal_bsp.a(altera_avalon_jtag_uart_ioctl.o)
                0x0000000010012238                altera_avalon_jtag_uart_ioctl
 .text          0x0000000010012328      0x21c ../ECE178FINAL_bsp/\libhal_bsp.a(altera_avalon_jtag_uart_read.o)
                0x0000000010012328                altera_avalon_jtag_uart_read
 .text          0x0000000010012544      0x224 ../ECE178FINAL_bsp/\libhal_bsp.a(altera_avalon_jtag_uart_write.o)
                0x0000000010012544                altera_avalon_jtag_uart_write
 .text          0x0000000010012768      0xeb4 ../ECE178FINAL_bsp/\libhal_bsp.a(altera_up_avalon_video_pixel_buffer_dma.o)
                0x0000000010012768                alt_up_pixel_buffer_dma_open_dev
                0x00000000100127a4                alt_up_pixel_buffer_dma_draw
                0x0000000010012938                alt_up_pixel_buffer_dma_change_back_buffer_address
                0x0000000010012994                alt_up_pixel_buffer_dma_swap_buffers
                0x00000000100129f4                alt_up_pixel_buffer_dma_check_swap_buffers_status
                0x0000000010012a28                alt_up_pixel_buffer_dma_clear_screen
                0x0000000010012b50                alt_up_pixel_buffer_dma_draw_box
                0x0000000010012e2c                alt_up_pixel_buffer_dma_draw_hline
                0x000000001001303c                alt_up_pixel_buffer_dma_draw_vline
                0x0000000010013288                alt_up_pixel_buffer_dma_draw_rectangle
                0x0000000010013350                helper_plot_pixel
                0x00000000100133d4                alt_up_pixel_buffer_dma_draw_line
 .text          0x000000001001361c      0x12c ../ECE178FINAL_bsp/\libhal_bsp.a(alt_alarm_start.o)
                0x000000001001361c                alt_alarm_start
 .text          0x0000000010013748       0x48 ../ECE178FINAL_bsp/\libhal_bsp.a(alt_dcache_flush_all.o)
                0x0000000010013748                alt_dcache_flush_all
 .text          0x0000000010013790       0xe0 ../ECE178FINAL_bsp/\libhal_bsp.a(alt_dev_llist_insert.o)
                0x00000000100137cc                alt_dev_llist_insert
 .text          0x0000000010013870       0x60 ../ECE178FINAL_bsp/\libhal_bsp.a(alt_do_ctors.o)
                0x0000000010013870                _do_ctors
 .text          0x00000000100138d0       0x60 ../ECE178FINAL_bsp/\libhal_bsp.a(alt_do_dtors.o)
                0x00000000100138d0                _do_dtors
 .text          0x0000000010013930       0x90 ../ECE178FINAL_bsp/\libhal_bsp.a(alt_find_dev.o)
                0x0000000010013930                alt_find_dev
 .text          0x00000000100139c0       0x34 ../ECE178FINAL_bsp/\libhal_bsp.a(alt_icache_flush_all.o)
                0x00000000100139c0                alt_icache_flush_all
 .text          0x00000000100139f4      0x1b0 ../ECE178FINAL_bsp/\libhal_bsp.a(alt_iic.o)
                0x00000000100139f4                alt_ic_isr_register
                0x0000000010013a44                alt_ic_irq_enable
                0x0000000010013acc                alt_ic_irq_disable
                0x0000000010013b58                alt_ic_irq_enabled
 .text          0x0000000010013ba4       0xf0 ../ECE178FINAL_bsp/\libhal_bsp.a(alt_iic_isr_register.o)
                0x0000000010013ba4                alt_iic_isr_register
 .text          0x0000000010013c94      0x140 ../ECE178FINAL_bsp/\libhal_bsp.a(alt_io_redirect.o)
                0x0000000010013d58                alt_io_redirect
 .text          0x0000000010013dd4        0x0 ../ECE178FINAL_bsp/\libhal_bsp.a(alt_irq_entry.o)
 .text          0x0000000010013dd4        0x0 ../ECE178FINAL_bsp/\libhal_bsp.a(alt_irq_handler.o)
 .text          0x0000000010013dd4        0x0 ../ECE178FINAL_bsp/\libhal_bsp.a(alt_irq_vars.o)
 .text          0x0000000010013dd4      0x254 ../ECE178FINAL_bsp/\libhal_bsp.a(alt_open.o)
                0x0000000010013ed4                open
 .text          0x0000000010014028      0x1a4 ../ECE178FINAL_bsp/\libhal_bsp.a(alt_tick.o)
                0x0000000010014028                alt_alarm_stop
                0x00000000100140c4                alt_tick
 .text          0x00000000100141cc       0x24 ../ECE178FINAL_bsp/\libhal_bsp.a(altera_nios2_gen2_irq.o)
                0x00000000100141cc                altera_nios2_gen2_irq_init
 .text          0x00000000100141f0        0x0 ../ECE178FINAL_bsp/\libhal_bsp.a(alt_exception_entry.o)
 .text          0x00000000100141f0      0x108 ../ECE178FINAL_bsp/\libhal_bsp.a(alt_find_file.o)
                0x00000000100141f0                alt_find_file
 .text          0x00000000100142f8       0xa4 ../ECE178FINAL_bsp/\libhal_bsp.a(alt_get_fd.o)
                0x00000000100142f8                alt_get_fd
 .text          0x000000001001439c       0x90 ../ECE178FINAL_bsp/\libhal_bsp.a(alt_icache_flush.o)
                0x000000001001439c                alt_icache_flush
 .text          0x000000001001442c       0x9c ../ECE178FINAL_bsp/\libhal_bsp.a(alt_instruction_exception_entry.o)
                0x000000001001442c                alt_exception_cause_generated_bad_addr
 .text          0x00000000100144c8        0x0 d:/lite/nios2eds/bin/gnu/h-x86_64-mingw32/bin/../lib/gcc/nios2-elf/5.3.0/../../../../../H-x86_64-mingw32/nios2-elf/lib\libc.a(lib_a-atexit.o)
 .text.atexit   0x00000000100144c8       0x14 d:/lite/nios2eds/bin/gnu/h-x86_64-mingw32/bin/../lib/gcc/nios2-elf/5.3.0/../../../../../H-x86_64-mingw32/nios2-elf/lib\libc.a(lib_a-atexit.o)
                0x00000000100144c8                atexit
 .text          0x00000000100144dc        0x0 d:/lite/nios2eds/bin/gnu/h-x86_64-mingw32/bin/../lib/gcc/nios2-elf/5.3.0/../../../../../H-x86_64-mingw32/nios2-elf/lib\libc.a(lib_a-exit.o)
 .text.exit     0x00000000100144dc       0x38 d:/lite/nios2eds/bin/gnu/h-x86_64-mingw32/bin/../lib/gcc/nios2-elf/5.3.0/../../../../../H-x86_64-mingw32/nios2-elf/lib\libc.a(lib_a-exit.o)
                0x00000000100144dc                exit
 .text          0x0000000010014514        0x0 d:/lite/nios2eds/bin/gnu/h-x86_64-mingw32/bin/../lib/gcc/nios2-elf/5.3.0/../../../../../H-x86_64-mingw32/nios2-elf/lib\libc.a(lib_a-memcmp.o)
 .text.memcmp   0x0000000010014514       0x7c d:/lite/nios2eds/bin/gnu/h-x86_64-mingw32/bin/../lib/gcc/nios2-elf/5.3.0/../../../../../H-x86_64-mingw32/nios2-elf/lib\libc.a(lib_a-memcmp.o)
                0x0000000010014514                memcmp
 .text          0x0000000010014590        0x0 d:/lite/nios2eds/bin/gnu/h-x86_64-mingw32/bin/../lib/gcc/nios2-elf/5.3.0/../../../../../H-x86_64-mingw32/nios2-elf/lib\libc.a(lib_a-__atexit.o)
 .text.__register_exitproc
                0x0000000010014590      0x118 d:/lite/nios2eds/bin/gnu/h-x86_64-mingw32/bin/../lib/gcc/nios2-elf/5.3.0/../../../../../H-x86_64-mingw32/nios2-elf/lib\libc.a(lib_a-__atexit.o)
                0x0000000010014590                __register_exitproc
 .text          0x00000000100146a8        0x0 d:/lite/nios2eds/bin/gnu/h-x86_64-mingw32/bin/../lib/gcc/nios2-elf/5.3.0/../../../../../H-x86_64-mingw32/nios2-elf/lib\libc.a(lib_a-__call_atexit.o)
 .text.__call_exitprocs
                0x00000000100146a8      0x180 d:/lite/nios2eds/bin/gnu/h-x86_64-mingw32/bin/../lib/gcc/nios2-elf/5.3.0/../../../../../H-x86_64-mingw32/nios2-elf/lib\libc.a(lib_a-__call_atexit.o)
                0x00000000100146a8                __call_exitprocs
 .text          0x0000000010014828       0x34 ../ECE178FINAL_bsp/\libhal_bsp.a(alt_exit.o)
                0x0000000010014828                _exit
 *(.gnu.warning.*)
 *(.fini)
                [!provide]                        PROVIDE (__etext, ABSOLUTE (.))
                [!provide]                        PROVIDE (_etext, ABSOLUTE (.))
                [!provide]                        PROVIDE (etext, ABSOLUTE (.))
 *(.eh_frame_hdr)
                0x000000001001485c                . = ALIGN (0x4)
                [!provide]                        PROVIDE (__preinit_array_start, ABSOLUTE (.))
 *(.preinit_array)
                [!provide]                        PROVIDE (__preinit_array_end, ABSOLUTE (.))
                [!provide]                        PROVIDE (__init_array_start, ABSOLUTE (.))
 *(.init_array)
                [!provide]                        PROVIDE (__init_array_end, ABSOLUTE (.))
                [!provide]                        PROVIDE (__fini_array_start, ABSOLUTE (.))
 *(.fini_array)
                [!provide]                        PROVIDE (__fini_array_end, ABSOLUTE (.))
 *(.eh_frame)
 *(.gcc_except_table .gcc_except_table.*)
 *(.dynamic)
                0x000000001001485c                PROVIDE (__CTOR_LIST__, ABSOLUTE (.))
 *(.ctors)
 *(SORT(.ctors.*))
                0x000000001001485c                PROVIDE (__CTOR_END__, ABSOLUTE (.))
                0x000000001001485c                PROVIDE (__DTOR_LIST__, ABSOLUTE (.))
 *(.dtors)
 *(SORT(.dtors.*))
                0x000000001001485c                PROVIDE (__DTOR_END__, ABSOLUTE (.))
 *(.jcr)
                0x000000001001485c                . = ALIGN (0x4)

.rodata         0x000000001001485c      0x3dc
                0x000000001001485c                PROVIDE (__ram_rodata_start, ABSOLUTE (.))
                0x000000001001485c                . = ALIGN (0x4)
 *(.rodata .rodata.* .gnu.linkonce.r.*)
 .rodata        0x000000001001485c       0xa2 obj/default/hello_world.o
 *fill*         0x00000000100148fe        0x2 
 .rodata.str1.4
                0x0000000010014900        0x2 d:/lite/nios2eds/bin/gnu/h-x86_64-mingw32/bin/../lib/gcc/nios2-elf/5.3.0/../../../../../H-x86_64-mingw32/nios2-elf/lib\libc.a(lib_a-puts.o)
 *fill*         0x0000000010014902        0x2 
 .rodata.str1.4
                0x0000000010014904       0x42 d:/lite/nios2eds/bin/gnu/h-x86_64-mingw32/bin/../lib/gcc/nios2-elf/5.3.0/../../../../../H-x86_64-mingw32/nios2-elf/lib\libc.a(lib_a-vfprintf.o)
 .rodata.zeroes.4404
                0x0000000010014946       0x10 d:/lite/nios2eds/bin/gnu/h-x86_64-mingw32/bin/../lib/gcc/nios2-elf/5.3.0/../../../../../H-x86_64-mingw32/nios2-elf/lib\libc.a(lib_a-vfprintf.o)
 .rodata.blanks.4403
                0x0000000010014956       0x10 d:/lite/nios2eds/bin/gnu/h-x86_64-mingw32/bin/../lib/gcc/nios2-elf/5.3.0/../../../../../H-x86_64-mingw32/nios2-elf/lib\libc.a(lib_a-vfprintf.o)
 *fill*         0x0000000010014966        0x2 
 .rodata.str1.4
                0x0000000010014968       0x10 d:/lite/nios2eds/bin/gnu/h-x86_64-mingw32/bin/../lib/gcc/nios2-elf/5.3.0/../../../../../H-x86_64-mingw32/nios2-elf/lib\libc.a(lib_a-dtoa.o)
                                         0x12 (size before relaxing)
 .rodata.str1.4
                0x0000000010014978        0x2 d:/lite/nios2eds/bin/gnu/h-x86_64-mingw32/bin/../lib/gcc/nios2-elf/5.3.0/../../../../../H-x86_64-mingw32/nios2-elf/lib\libc.a(lib_a-impure.o)
 *fill*         0x000000001001497a        0x2 
 .rodata.str1.4
                0x000000001001497c        0xc d:/lite/nios2eds/bin/gnu/h-x86_64-mingw32/bin/../lib/gcc/nios2-elf/5.3.0/../../../../../H-x86_64-mingw32/nios2-elf/lib\libc.a(lib_a-locale.o)
                                         0x12 (size before relaxing)
 .rodata.p05.2768
                0x0000000010014988        0xc d:/lite/nios2eds/bin/gnu/h-x86_64-mingw32/bin/../lib/gcc/nios2-elf/5.3.0/../../../../../H-x86_64-mingw32/nios2-elf/lib\libc.a(lib_a-mprec.o)
 .rodata.__mprec_tinytens
                0x0000000010014994       0x28 d:/lite/nios2eds/bin/gnu/h-x86_64-mingw32/bin/../lib/gcc/nios2-elf/5.3.0/../../../../../H-x86_64-mingw32/nios2-elf/lib\libc.a(lib_a-mprec.o)
                0x0000000010014994                __mprec_tinytens
 .rodata.__mprec_bigtens
                0x00000000100149bc       0x28 d:/lite/nios2eds/bin/gnu/h-x86_64-mingw32/bin/../lib/gcc/nios2-elf/5.3.0/../../../../../H-x86_64-mingw32/nios2-elf/lib\libc.a(lib_a-mprec.o)
                0x00000000100149bc                __mprec_bigtens
 .rodata.__mprec_tens
                0x00000000100149e4       0xc8 d:/lite/nios2eds/bin/gnu/h-x86_64-mingw32/bin/../lib/gcc/nios2-elf/5.3.0/../../../../../H-x86_64-mingw32/nios2-elf/lib\libc.a(lib_a-mprec.o)
                0x00000000100149e4                __mprec_tens
 .rodata.str1.4
                0x0000000010014aac       0x2f d:/lite/nios2eds/bin/gnu/h-x86_64-mingw32/bin/../lib/gcc/nios2-elf/5.3.0/../../../../../H-x86_64-mingw32/nios2-elf/lib\libc.a(lib_a-vfiprintf.o)
 .rodata.zeroes.4349
                0x0000000010014aac       0x10 d:/lite/nios2eds/bin/gnu/h-x86_64-mingw32/bin/../lib/gcc/nios2-elf/5.3.0/../../../../../H-x86_64-mingw32/nios2-elf/lib\libc.a(lib_a-vfiprintf.o)
 .rodata.blanks.4348
                0x0000000010014abc       0x10 d:/lite/nios2eds/bin/gnu/h-x86_64-mingw32/bin/../lib/gcc/nios2-elf/5.3.0/../../../../../H-x86_64-mingw32/nios2-elf/lib\libc.a(lib_a-vfiprintf.o)
 .rodata        0x0000000010014acc      0x100 d:/lite/nios2eds/bin/gnu/h-x86_64-mingw32/bin/../lib/gcc/nios2-elf/5.3.0\libgcc.a(_clz.o)
                0x0000000010014acc                __clz_tab
 .rodata        0x0000000010014bcc        0xa ../ECE178FINAL_bsp/\libhal_bsp.a(alt_dev.o)
 *fill*         0x0000000010014bd6        0x2 
 .rodata        0x0000000010014bd8       0x11 ../ECE178FINAL_bsp/\libhal_bsp.a(alt_main.o)
 *fill*         0x0000000010014be9        0x3 
 .rodata        0x0000000010014bec       0x4a ../ECE178FINAL_bsp/\libhal_bsp.a(alt_sys_init.o)
 *(.rodata1)
                0x0000000010014c38                . = ALIGN (0x4)
 *fill*         0x0000000010014c36        0x2 
                0x0000000010014c38                PROVIDE (__ram_rodata_end, ABSOLUTE (.))
                0x000000001001485c                PROVIDE (__flash_rodata_start, LOADADDR (.rodata))

.rwdata         0x0000000010014c38     0x1b6c load address 0x00000000100167a4
                0x0000000010014c38                PROVIDE (__ram_rwdata_start, ABSOLUTE (.))
                0x0000000010014c38                . = ALIGN (0x4)
 *(.got.plt)
 *(.got)
 *(.data1)
 *(.data .data.* .gnu.linkonce.d.*)
 .data          0x0000000010014c38        0x0 ../ECE178FINAL_bsp//obj/HAL/src/crt0.o
 .data          0x0000000010014c38        0x0 obj/default/hello_world.o
 .data          0x0000000010014c38        0x0 d:/lite/nios2eds/bin/gnu/h-x86_64-mingw32/bin/../lib/gcc/nios2-elf/5.3.0/../../../../../H-x86_64-mingw32/nios2-elf/lib\libc.a(lib_a-printf.o)
 .data          0x0000000010014c38        0x0 d:/lite/nios2eds/bin/gnu/h-x86_64-mingw32/bin/../lib/gcc/nios2-elf/5.3.0/../../../../../H-x86_64-mingw32/nios2-elf/lib\libc.a(lib_a-puts.o)
 .data          0x0000000010014c38        0x0 d:/lite/nios2eds/bin/gnu/h-x86_64-mingw32/bin/../lib/gcc/nios2-elf/5.3.0/../../../../../H-x86_64-mingw32/nios2-elf/lib\libc.a(lib_a-strlen.o)
 .data          0x0000000010014c38        0x0 d:/lite/nios2eds/bin/gnu/h-x86_64-mingw32/bin/../lib/gcc/nios2-elf/5.3.0/../../../../../H-x86_64-mingw32/nios2-elf/lib\libc.a(lib_a-vfprintf.o)
 .data          0x0000000010014c38        0x0 d:/lite/nios2eds/bin/gnu/h-x86_64-mingw32/bin/../lib/gcc/nios2-elf/5.3.0/../../../../../H-x86_64-mingw32/nios2-elf/lib\libc.a(lib_a-wsetup.o)
 .data          0x0000000010014c38        0x0 d:/lite/nios2eds/bin/gnu/h-x86_64-mingw32/bin/../lib/gcc/nios2-elf/5.3.0/../../../../../H-x86_64-mingw32/nios2-elf/lib\libc.a(lib_a-dtoa.o)
 .data          0x0000000010014c38        0x0 d:/lite/nios2eds/bin/gnu/h-x86_64-mingw32/bin/../lib/gcc/nios2-elf/5.3.0/../../../../../H-x86_64-mingw32/nios2-elf/lib\libc.a(lib_a-fflush.o)
 .data          0x0000000010014c38        0x0 d:/lite/nios2eds/bin/gnu/h-x86_64-mingw32/bin/../lib/gcc/nios2-elf/5.3.0/../../../../../H-x86_64-mingw32/nios2-elf/lib\libc.a(lib_a-findfp.o)
 .data          0x0000000010014c38        0x0 d:/lite/nios2eds/bin/gnu/h-x86_64-mingw32/bin/../lib/gcc/nios2-elf/5.3.0/../../../../../H-x86_64-mingw32/nios2-elf/lib\libc.a(lib_a-freer.o)
 .data          0x0000000010014c38        0x0 d:/lite/nios2eds/bin/gnu/h-x86_64-mingw32/bin/../lib/gcc/nios2-elf/5.3.0/../../../../../H-x86_64-mingw32/nios2-elf/lib\libc.a(lib_a-fvwrite.o)
 .data          0x0000000010014c38        0x0 d:/lite/nios2eds/bin/gnu/h-x86_64-mingw32/bin/../lib/gcc/nios2-elf/5.3.0/../../../../../H-x86_64-mingw32/nios2-elf/lib\libc.a(lib_a-fwalk.o)
 .data          0x0000000010014c38        0x0 d:/lite/nios2eds/bin/gnu/h-x86_64-mingw32/bin/../lib/gcc/nios2-elf/5.3.0/../../../../../H-x86_64-mingw32/nios2-elf/lib\libc.a(lib_a-impure.o)
 .data.impure_data
                0x0000000010014c38      0x424 d:/lite/nios2eds/bin/gnu/h-x86_64-mingw32/bin/../lib/gcc/nios2-elf/5.3.0/../../../../../H-x86_64-mingw32/nios2-elf/lib\libc.a(lib_a-impure.o)
 .data          0x000000001001505c        0x0 d:/lite/nios2eds/bin/gnu/h-x86_64-mingw32/bin/../lib/gcc/nios2-elf/5.3.0/../../../../../H-x86_64-mingw32/nios2-elf/lib\libc.a(lib_a-locale.o)
 .data.lc_message_charset
                0x000000001001505c       0x20 d:/lite/nios2eds/bin/gnu/h-x86_64-mingw32/bin/../lib/gcc/nios2-elf/5.3.0/../../../../../H-x86_64-mingw32/nios2-elf/lib\libc.a(lib_a-locale.o)
 .data.lc_ctype_charset
                0x000000001001507c       0x20 d:/lite/nios2eds/bin/gnu/h-x86_64-mingw32/bin/../lib/gcc/nios2-elf/5.3.0/../../../../../H-x86_64-mingw32/nios2-elf/lib\libc.a(lib_a-locale.o)
 .data.lconv    0x000000001001509c       0x38 d:/lite/nios2eds/bin/gnu/h-x86_64-mingw32/bin/../lib/gcc/nios2-elf/5.3.0/../../../../../H-x86_64-mingw32/nios2-elf/lib\libc.a(lib_a-locale.o)
 .data          0x00000000100150d4        0x0 d:/lite/nios2eds/bin/gnu/h-x86_64-mingw32/bin/../lib/gcc/nios2-elf/5.3.0/../../../../../H-x86_64-mingw32/nios2-elf/lib\libc.a(lib_a-makebuf.o)
 .data          0x00000000100150d4        0x0 d:/lite/nios2eds/bin/gnu/h-x86_64-mingw32/bin/../lib/gcc/nios2-elf/5.3.0/../../../../../H-x86_64-mingw32/nios2-elf/lib\libc.a(lib_a-mallocr.o)
 .data.__malloc_av_
                0x00000000100150d4      0x408 d:/lite/nios2eds/bin/gnu/h-x86_64-mingw32/bin/../lib/gcc/nios2-elf/5.3.0/../../../../../H-x86_64-mingw32/nios2-elf/lib\libc.a(lib_a-mallocr.o)
                0x00000000100150d4                __malloc_av_
 .data          0x00000000100154dc        0x0 d:/lite/nios2eds/bin/gnu/h-x86_64-mingw32/bin/../lib/gcc/nios2-elf/5.3.0/../../../../../H-x86_64-mingw32/nios2-elf/lib\libc.a(lib_a-memchr.o)
 .data          0x00000000100154dc        0x0 d:/lite/nios2eds/bin/gnu/h-x86_64-mingw32/bin/../lib/gcc/nios2-elf/5.3.0/../../../../../H-x86_64-mingw32/nios2-elf/lib\libc.a(lib_a-memcpy.o)
 .data          0x00000000100154dc        0x0 d:/lite/nios2eds/bin/gnu/h-x86_64-mingw32/bin/../lib/gcc/nios2-elf/5.3.0/../../../../../H-x86_64-mingw32/nios2-elf/lib\libc.a(lib_a-memmove.o)
 .data          0x00000000100154dc        0x0 d:/lite/nios2eds/bin/gnu/h-x86_64-mingw32/bin/../lib/gcc/nios2-elf/5.3.0/../../../../../H-x86_64-mingw32/nios2-elf/lib\libc.a(lib_a-memset.o)
 .data          0x00000000100154dc        0x0 d:/lite/nios2eds/bin/gnu/h-x86_64-mingw32/bin/../lib/gcc/nios2-elf/5.3.0/../../../../../H-x86_64-mingw32/nios2-elf/lib\libc.a(lib_a-mprec.o)
 .data          0x00000000100154dc        0x0 d:/lite/nios2eds/bin/gnu/h-x86_64-mingw32/bin/../lib/gcc/nios2-elf/5.3.0/../../../../../H-x86_64-mingw32/nios2-elf/lib\libc.a(lib_a-reallocr.o)
 .data          0x00000000100154dc        0x0 d:/lite/nios2eds/bin/gnu/h-x86_64-mingw32/bin/../lib/gcc/nios2-elf/5.3.0/../../../../../H-x86_64-mingw32/nios2-elf/lib\libc.a(lib_a-s_fpclassify.o)
 .data          0x00000000100154dc        0x0 d:/lite/nios2eds/bin/gnu/h-x86_64-mingw32/bin/../lib/gcc/nios2-elf/5.3.0/../../../../../H-x86_64-mingw32/nios2-elf/lib\libc.a(lib_a-sbrkr.o)
 .data          0x00000000100154dc        0x0 d:/lite/nios2eds/bin/gnu/h-x86_64-mingw32/bin/../lib/gcc/nios2-elf/5.3.0/../../../../../H-x86_64-mingw32/nios2-elf/lib\libc.a(lib_a-stdio.o)
 .data          0x00000000100154dc        0x0 d:/lite/nios2eds/bin/gnu/h-x86_64-mingw32/bin/../lib/gcc/nios2-elf/5.3.0/../../../../../H-x86_64-mingw32/nios2-elf/lib\libc.a(lib_a-strcmp.o)
 .data          0x00000000100154dc        0x0 d:/lite/nios2eds/bin/gnu/h-x86_64-mingw32/bin/../lib/gcc/nios2-elf/5.3.0/../../../../../H-x86_64-mingw32/nios2-elf/lib\libc.a(lib_a-vfiprintf.o)
 .data          0x00000000100154dc        0x0 d:/lite/nios2eds/bin/gnu/h-x86_64-mingw32/bin/../lib/gcc/nios2-elf/5.3.0/../../../../../H-x86_64-mingw32/nios2-elf/lib\libc.a(lib_a-writer.o)
 .data          0x00000000100154dc        0x0 d:/lite/nios2eds/bin/gnu/h-x86_64-mingw32/bin/../lib/gcc/nios2-elf/5.3.0/../../../../../H-x86_64-mingw32/nios2-elf/lib\libc.a(closer.o)
 .data          0x00000000100154dc        0x0 d:/lite/nios2eds/bin/gnu/h-x86_64-mingw32/bin/../lib/gcc/nios2-elf/5.3.0/../../../../../H-x86_64-mingw32/nios2-elf/lib\libc.a(lib_a-callocr.o)
 .data          0x00000000100154dc        0x0 d:/lite/nios2eds/bin/gnu/h-x86_64-mingw32/bin/../lib/gcc/nios2-elf/5.3.0/../../../../../H-x86_64-mingw32/nios2-elf/lib\libc.a(lib_a-fclose.o)
 .data          0x00000000100154dc        0x0 d:/lite/nios2eds/bin/gnu/h-x86_64-mingw32/bin/../lib/gcc/nios2-elf/5.3.0/../../../../../H-x86_64-mingw32/nios2-elf/lib\libc.a(lib_a-fputwc.o)
 .data          0x00000000100154dc        0x0 d:/lite/nios2eds/bin/gnu/h-x86_64-mingw32/bin/../lib/gcc/nios2-elf/5.3.0/../../../../../H-x86_64-mingw32/nios2-elf/lib\libc.a(lib_a-fstatr.o)
 .data          0x00000000100154dc        0x0 d:/lite/nios2eds/bin/gnu/h-x86_64-mingw32/bin/../lib/gcc/nios2-elf/5.3.0/../../../../../H-x86_64-mingw32/nios2-elf/lib\libc.a(lib_a-int_errno.o)
 .data          0x00000000100154dc        0x0 d:/lite/nios2eds/bin/gnu/h-x86_64-mingw32/bin/../lib/gcc/nios2-elf/5.3.0/../../../../../H-x86_64-mingw32/nios2-elf/lib\libc.a(lib_a-isattyr.o)
 .data          0x00000000100154dc        0x0 d:/lite/nios2eds/bin/gnu/h-x86_64-mingw32/bin/../lib/gcc/nios2-elf/5.3.0/../../../../../H-x86_64-mingw32/nios2-elf/lib\libc.a(lib_a-lseekr.o)
 .data          0x00000000100154dc        0x0 d:/lite/nios2eds/bin/gnu/h-x86_64-mingw32/bin/../lib/gcc/nios2-elf/5.3.0/../../../../../H-x86_64-mingw32/nios2-elf/lib\libc.a(lib_a-readr.o)
 .data          0x00000000100154dc        0x0 d:/lite/nios2eds/bin/gnu/h-x86_64-mingw32/bin/../lib/gcc/nios2-elf/5.3.0/../../../../../H-x86_64-mingw32/nios2-elf/lib\libc.a(lib_a-wbuf.o)
 .data          0x00000000100154dc        0x0 d:/lite/nios2eds/bin/gnu/h-x86_64-mingw32/bin/../lib/gcc/nios2-elf/5.3.0/../../../../../H-x86_64-mingw32/nios2-elf/lib\libc.a(lib_a-wcrtomb.o)
 .data          0x00000000100154dc        0x0 d:/lite/nios2eds/bin/gnu/h-x86_64-mingw32/bin/../lib/gcc/nios2-elf/5.3.0/../../../../../H-x86_64-mingw32/nios2-elf/lib\libc.a(lib_a-wctomb_r.o)
 .data          0x00000000100154dc        0x0 d:/lite/nios2eds/bin/gnu/h-x86_64-mingw32/bin/../lib/gcc/nios2-elf/5.3.0\libgcc.a(_udivdi3.o)
 .data          0x00000000100154dc        0x0 d:/lite/nios2eds/bin/gnu/h-x86_64-mingw32/bin/../lib/gcc/nios2-elf/5.3.0\libgcc.a(_umoddi3.o)
 .data          0x00000000100154dc        0x0 d:/lite/nios2eds/bin/gnu/h-x86_64-mingw32/bin/../lib/gcc/nios2-elf/5.3.0\libgcc.a(lib2-divmod.o)
 .data          0x00000000100154dc        0x0 d:/lite/nios2eds/bin/gnu/h-x86_64-mingw32/bin/../lib/gcc/nios2-elf/5.3.0\libgcc.a(adddf3.o)
 .data          0x00000000100154dc        0x0 d:/lite/nios2eds/bin/gnu/h-x86_64-mingw32/bin/../lib/gcc/nios2-elf/5.3.0\libgcc.a(divdf3.o)
 .data          0x00000000100154dc        0x0 d:/lite/nios2eds/bin/gnu/h-x86_64-mingw32/bin/../lib/gcc/nios2-elf/5.3.0\libgcc.a(eqdf2.o)
 .data          0x00000000100154dc        0x0 d:/lite/nios2eds/bin/gnu/h-x86_64-mingw32/bin/../lib/gcc/nios2-elf/5.3.0\libgcc.a(gedf2.o)
 .data          0x00000000100154dc        0x0 d:/lite/nios2eds/bin/gnu/h-x86_64-mingw32/bin/../lib/gcc/nios2-elf/5.3.0\libgcc.a(ledf2.o)
 .data          0x00000000100154dc        0x0 d:/lite/nios2eds/bin/gnu/h-x86_64-mingw32/bin/../lib/gcc/nios2-elf/5.3.0\libgcc.a(muldf3.o)
 .data          0x00000000100154dc        0x0 d:/lite/nios2eds/bin/gnu/h-x86_64-mingw32/bin/../lib/gcc/nios2-elf/5.3.0\libgcc.a(subdf3.o)
 .data          0x00000000100154dc        0x0 d:/lite/nios2eds/bin/gnu/h-x86_64-mingw32/bin/../lib/gcc/nios2-elf/5.3.0\libgcc.a(fixdfsi.o)
 .data          0x00000000100154dc        0x0 d:/lite/nios2eds/bin/gnu/h-x86_64-mingw32/bin/../lib/gcc/nios2-elf/5.3.0\libgcc.a(floatsidf.o)
 .data          0x00000000100154dc        0x0 d:/lite/nios2eds/bin/gnu/h-x86_64-mingw32/bin/../lib/gcc/nios2-elf/5.3.0\libgcc.a(floatunsidf.o)
 .data          0x00000000100154dc        0x0 d:/lite/nios2eds/bin/gnu/h-x86_64-mingw32/bin/../lib/gcc/nios2-elf/5.3.0\libgcc.a(_clz.o)
 .data          0x00000000100154dc        0x0 d:/lite/nios2eds/bin/gnu/h-x86_64-mingw32/bin/../lib/gcc/nios2-elf/5.3.0\libgcc.a(_clzsi2.o)
 .data          0x00000000100154dc        0x0 ../ECE178FINAL_bsp/\libhal_bsp.a(alt_close.o)
 .data          0x00000000100154dc      0x1a8 ../ECE178FINAL_bsp/\libhal_bsp.a(alt_dev.o)
                0x00000000100154dc                alt_dev_null
                0x0000000010015504                alt_fd_list
 .data          0x0000000010015684        0x0 ../ECE178FINAL_bsp/\libhal_bsp.a(alt_errno.o)
 .data          0x0000000010015684        0x0 ../ECE178FINAL_bsp/\libhal_bsp.a(alt_fstat.o)
 .data          0x0000000010015684        0x0 ../ECE178FINAL_bsp/\libhal_bsp.a(alt_isatty.o)
 .data          0x0000000010015684        0x0 ../ECE178FINAL_bsp/\libhal_bsp.a(alt_load.o)
 .data          0x0000000010015684        0x0 ../ECE178FINAL_bsp/\libhal_bsp.a(alt_lseek.o)
 .data          0x0000000010015684        0x0 ../ECE178FINAL_bsp/\libhal_bsp.a(alt_main.o)
 .data          0x0000000010015684        0x0 ../ECE178FINAL_bsp/\libhal_bsp.a(alt_malloc_lock.o)
 .data          0x0000000010015684        0x0 ../ECE178FINAL_bsp/\libhal_bsp.a(alt_read.o)
 .data          0x0000000010015684        0x0 ../ECE178FINAL_bsp/\libhal_bsp.a(alt_release_fd.o)
 .data          0x0000000010015684        0x0 ../ECE178FINAL_bsp/\libhal_bsp.a(alt_sbrk.o)
 .data          0x0000000010015684        0x0 ../ECE178FINAL_bsp/\libhal_bsp.a(alt_write.o)
 .data          0x0000000010015684     0x10e0 ../ECE178FINAL_bsp/\libhal_bsp.a(alt_sys_init.o)
 .data          0x0000000010016764        0x0 ../ECE178FINAL_bsp/\libhal_bsp.a(Altera_UP_SD_Card_Avalon_Interface.o)
 .data          0x0000000010016764        0x0 ../ECE178FINAL_bsp/\libhal_bsp.a(altera_avalon_jtag_uart_fd.o)
 .data          0x0000000010016764        0x0 ../ECE178FINAL_bsp/\libhal_bsp.a(altera_avalon_jtag_uart_init.o)
 .data          0x0000000010016764        0x0 ../ECE178FINAL_bsp/\libhal_bsp.a(altera_avalon_jtag_uart_ioctl.o)
 .data          0x0000000010016764        0x0 ../ECE178FINAL_bsp/\libhal_bsp.a(altera_avalon_jtag_uart_read.o)
 .data          0x0000000010016764        0x0 ../ECE178FINAL_bsp/\libhal_bsp.a(altera_avalon_jtag_uart_write.o)
 .data          0x0000000010016764        0x0 ../ECE178FINAL_bsp/\libhal_bsp.a(altera_up_avalon_video_pixel_buffer_dma.o)
 .data          0x0000000010016764        0x0 ../ECE178FINAL_bsp/\libhal_bsp.a(alt_alarm_start.o)
 .data          0x0000000010016764        0x0 ../ECE178FINAL_bsp/\libhal_bsp.a(alt_dcache_flush_all.o)
 .data          0x0000000010016764        0x0 ../ECE178FINAL_bsp/\libhal_bsp.a(alt_dev_llist_insert.o)
 .data          0x0000000010016764        0x0 ../ECE178FINAL_bsp/\libhal_bsp.a(alt_do_ctors.o)
 .data          0x0000000010016764        0x0 ../ECE178FINAL_bsp/\libhal_bsp.a(alt_do_dtors.o)
 .data          0x0000000010016764        0x0 ../ECE178FINAL_bsp/\libhal_bsp.a(alt_find_dev.o)
 .data          0x0000000010016764        0x0 ../ECE178FINAL_bsp/\libhal_bsp.a(alt_icache_flush_all.o)
 .data          0x0000000010016764        0x0 ../ECE178FINAL_bsp/\libhal_bsp.a(alt_iic.o)
 .data          0x0000000010016764        0x0 ../ECE178FINAL_bsp/\libhal_bsp.a(alt_iic_isr_register.o)
 .data          0x0000000010016764        0x0 ../ECE178FINAL_bsp/\libhal_bsp.a(alt_io_redirect.o)
 .data          0x0000000010016764        0x0 ../ECE178FINAL_bsp/\libhal_bsp.a(alt_irq_entry.o)
 .data          0x0000000010016764        0x0 ../ECE178FINAL_bsp/\libhal_bsp.a(alt_irq_handler.o)
 .data          0x0000000010016764        0x0 ../ECE178FINAL_bsp/\libhal_bsp.a(alt_irq_vars.o)
 .data          0x0000000010016764        0x0 ../ECE178FINAL_bsp/\libhal_bsp.a(alt_open.o)
 .data          0x0000000010016764        0x0 ../ECE178FINAL_bsp/\libhal_bsp.a(alt_tick.o)
 .data          0x0000000010016764        0x0 ../ECE178FINAL_bsp/\libhal_bsp.a(altera_nios2_gen2_irq.o)
 .data          0x0000000010016764        0x0 ../ECE178FINAL_bsp/\libhal_bsp.a(alt_exception_entry.o)
 .data          0x0000000010016764        0x0 ../ECE178FINAL_bsp/\libhal_bsp.a(alt_find_file.o)
 .data          0x0000000010016764        0x0 ../ECE178FINAL_bsp/\libhal_bsp.a(alt_get_fd.o)
 .data          0x0000000010016764        0x0 ../ECE178FINAL_bsp/\libhal_bsp.a(alt_icache_flush.o)
 .data          0x0000000010016764        0x0 ../ECE178FINAL_bsp/\libhal_bsp.a(alt_instruction_exception_entry.o)
 .data          0x0000000010016764        0x0 d:/lite/nios2eds/bin/gnu/h-x86_64-mingw32/bin/../lib/gcc/nios2-elf/5.3.0/../../../../../H-x86_64-mingw32/nios2-elf/lib\libc.a(lib_a-atexit.o)
 .data          0x0000000010016764        0x0 d:/lite/nios2eds/bin/gnu/h-x86_64-mingw32/bin/../lib/gcc/nios2-elf/5.3.0/../../../../../H-x86_64-mingw32/nios2-elf/lib\libc.a(lib_a-exit.o)
 .data          0x0000000010016764        0x0 d:/lite/nios2eds/bin/gnu/h-x86_64-mingw32/bin/../lib/gcc/nios2-elf/5.3.0/../../../../../H-x86_64-mingw32/nios2-elf/lib\libc.a(lib_a-memcmp.o)
 .data          0x0000000010016764        0x0 d:/lite/nios2eds/bin/gnu/h-x86_64-mingw32/bin/../lib/gcc/nios2-elf/5.3.0/../../../../../H-x86_64-mingw32/nios2-elf/lib\libc.a(lib_a-__atexit.o)
 .data          0x0000000010016764        0x0 d:/lite/nios2eds/bin/gnu/h-x86_64-mingw32/bin/../lib/gcc/nios2-elf/5.3.0/../../../../../H-x86_64-mingw32/nios2-elf/lib\libc.a(lib_a-__call_atexit.o)
 .data          0x0000000010016764        0x0 ../ECE178FINAL_bsp/\libhal_bsp.a(alt_exit.o)
                0x000000001001e764                _gp = ABSOLUTE ((. + 0x8000))
                [!provide]                        PROVIDE (gp, _gp)
 *(.rwdata .rwdata.*)
 *(.sdata .sdata.* .gnu.linkonce.s.*)
 .sdata._global_impure_ptr
                0x0000000010016764        0x4 d:/lite/nios2eds/bin/gnu/h-x86_64-mingw32/bin/../lib/gcc/nios2-elf/5.3.0/../../../../../H-x86_64-mingw32/nios2-elf/lib\libc.a(lib_a-impure.o)
                0x0000000010016764                _global_impure_ptr
 .sdata._impure_ptr
                0x0000000010016768        0x4 d:/lite/nios2eds/bin/gnu/h-x86_64-mingw32/bin/../lib/gcc/nios2-elf/5.3.0/../../../../../H-x86_64-mingw32/nios2-elf/lib\libc.a(lib_a-impure.o)
                0x0000000010016768                _impure_ptr
 .sdata.__mb_cur_max
                0x000000001001676c        0x4 d:/lite/nios2eds/bin/gnu/h-x86_64-mingw32/bin/../lib/gcc/nios2-elf/5.3.0/../../../../../H-x86_64-mingw32/nios2-elf/lib\libc.a(lib_a-locale.o)
                0x000000001001676c                __mb_cur_max
 .sdata.__malloc_sbrk_base
                0x0000000010016770        0x4 d:/lite/nios2eds/bin/gnu/h-x86_64-mingw32/bin/../lib/gcc/nios2-elf/5.3.0/../../../../../H-x86_64-mingw32/nios2-elf/lib\libc.a(lib_a-mallocr.o)
                0x0000000010016770                __malloc_sbrk_base
 .sdata.__malloc_trim_threshold
                0x0000000010016774        0x4 d:/lite/nios2eds/bin/gnu/h-x86_64-mingw32/bin/../lib/gcc/nios2-elf/5.3.0/../../../../../H-x86_64-mingw32/nios2-elf/lib\libc.a(lib_a-mallocr.o)
                0x0000000010016774                __malloc_trim_threshold
 .sdata.__wctomb
                0x0000000010016778        0x4 d:/lite/nios2eds/bin/gnu/h-x86_64-mingw32/bin/../lib/gcc/nios2-elf/5.3.0/../../../../../H-x86_64-mingw32/nios2-elf/lib\libc.a(lib_a-wctomb_r.o)
                0x0000000010016778                __wctomb
 .sdata         0x000000001001677c       0x14 ../ECE178FINAL_bsp/\libhal_bsp.a(alt_dev.o)
                0x000000001001677c                alt_fs_list
                0x0000000010016784                alt_dev_list
                0x000000001001678c                alt_max_fd
 .sdata         0x0000000010016790        0x4 ../ECE178FINAL_bsp/\libhal_bsp.a(alt_errno.o)
                0x0000000010016790                alt_errno
 .sdata         0x0000000010016794        0x4 ../ECE178FINAL_bsp/\libhal_bsp.a(alt_sbrk.o)
 .sdata         0x0000000010016798        0x4 ../ECE178FINAL_bsp/\libhal_bsp.a(alt_irq_vars.o)
                0x0000000010016798                alt_priority_mask
 .sdata         0x000000001001679c        0x8 ../ECE178FINAL_bsp/\libhal_bsp.a(alt_tick.o)
                0x000000001001679c                alt_alarm_list
 *(.sdata2 .sdata2.* .gnu.linkonce.s2.*)
                0x00000000100167a4                . = ALIGN (0x4)
                0x00000000100167a4                _edata = ABSOLUTE (.)
                [!provide]                        PROVIDE (edata, ABSOLUTE (.))
                0x00000000100167a4                PROVIDE (__ram_rwdata_end, ABSOLUTE (.))
                0x00000000100167a4                PROVIDE (__flash_rwdata_start, LOADADDR (.rwdata))

.bss            0x0000000010018310      0x708
                0x0000000010018310                __bss_start = ABSOLUTE (.)
                [!provide]                        PROVIDE (__sbss_start, ABSOLUTE (.))
                [!provide]                        PROVIDE (___sbss_start, ABSOLUTE (.))
 *(.dynsbss)
 *(.sbss .sbss.* .gnu.linkonce.sb.*)
 .sbss          0x0000000010018310        0xc obj/default/hello_world.o
                0x0000000010018310                j
                0x0000000010018314                att
                0x0000000010018318                i
 .sbss._PathLocale
                0x000000001001831c        0x4 d:/lite/nios2eds/bin/gnu/h-x86_64-mingw32/bin/../lib/gcc/nios2-elf/5.3.0/../../../../../H-x86_64-mingw32/nios2-elf/lib\libc.a(lib_a-locale.o)
                0x000000001001831c                _PathLocale
 .sbss.__mlocale_changed
                0x0000000010018320        0x4 d:/lite/nios2eds/bin/gnu/h-x86_64-mingw32/bin/../lib/gcc/nios2-elf/5.3.0/../../../../../H-x86_64-mingw32/nios2-elf/lib\libc.a(lib_a-locale.o)
                0x0000000010018320                __mlocale_changed
 .sbss.__nlocale_changed
                0x0000000010018324        0x4 d:/lite/nios2eds/bin/gnu/h-x86_64-mingw32/bin/../lib/gcc/nios2-elf/5.3.0/../../../../../H-x86_64-mingw32/nios2-elf/lib\libc.a(lib_a-locale.o)
                0x0000000010018324                __nlocale_changed
 .sbss.__malloc_max_total_mem
                0x0000000010018328        0x4 d:/lite/nios2eds/bin/gnu/h-x86_64-mingw32/bin/../lib/gcc/nios2-elf/5.3.0/../../../../../H-x86_64-mingw32/nios2-elf/lib\libc.a(lib_a-mallocr.o)
                0x0000000010018328                __malloc_max_total_mem
 .sbss.__malloc_max_sbrked_mem
                0x000000001001832c        0x4 d:/lite/nios2eds/bin/gnu/h-x86_64-mingw32/bin/../lib/gcc/nios2-elf/5.3.0/../../../../../H-x86_64-mingw32/nios2-elf/lib\libc.a(lib_a-mallocr.o)
                0x000000001001832c                __malloc_max_sbrked_mem
 .sbss.__malloc_top_pad
                0x0000000010018330        0x4 d:/lite/nios2eds/bin/gnu/h-x86_64-mingw32/bin/../lib/gcc/nios2-elf/5.3.0/../../../../../H-x86_64-mingw32/nios2-elf/lib\libc.a(lib_a-mallocr.o)
                0x0000000010018330                __malloc_top_pad
 .sbss          0x0000000010018334        0x4 d:/lite/nios2eds/bin/gnu/h-x86_64-mingw32/bin/../lib/gcc/nios2-elf/5.3.0/../../../../../H-x86_64-mingw32/nios2-elf/lib\libc.a(lib_a-int_errno.o)
                0x0000000010018334                errno
 .sbss          0x0000000010018338        0xc ../ECE178FINAL_bsp/\libhal_bsp.a(alt_main.o)
                0x0000000010018338                alt_argc
                0x000000001001833c                alt_argv
                0x0000000010018340                alt_envp
 .sbss          0x0000000010018344       0x34 ../ECE178FINAL_bsp/\libhal_bsp.a(Altera_UP_SD_Card_Avalon_Interface.o)
                0x0000000010018344                initialized
                0x0000000010018348                is_sd_card_formated_as_FAT16
                0x000000001001834c                aux_status_register
                0x0000000010018350                status_register
                0x0000000010018354                CSD_register_w0
                0x0000000010018358                command_register
                0x000000001001835c                command_argument_register
                0x0000000010018360                buffer_memory
                0x0000000010018364                fat_partition_offset_in_512_byte_sectors
                0x0000000010018368                fat_partition_size_in_512_byte_sectors
                0x000000001001836c                device_pointer
                0x0000000010018370                current_sector_modified
                0x0000000010018374                current_sector_index
 .sbss          0x0000000010018378        0x4 ../ECE178FINAL_bsp/\libhal_bsp.a(alt_irq_vars.o)
                0x0000000010018378                alt_irq_active
 .sbss          0x000000001001837c        0x8 ../ECE178FINAL_bsp/\libhal_bsp.a(alt_tick.o)
                0x000000001001837c                _alt_tick_rate
                0x0000000010018380                _alt_nticks
 .sbss          0x0000000010018384        0x4 ../ECE178FINAL_bsp/\libhal_bsp.a(alt_instruction_exception_entry.o)
                0x0000000010018384                alt_instruction_exception_handler
 *(.sbss2 .sbss2.* .gnu.linkonce.sb2.*)
 *(.scommon)
                [!provide]                        PROVIDE (__sbss_end, ABSOLUTE (.))
                [!provide]                        PROVIDE (___sbss_end, ABSOLUTE (.))
 *(.dynbss)
 *(.bss .bss.* .gnu.linkonce.b.*)
 .bss           0x0000000010018388        0x0 ../ECE178FINAL_bsp//obj/HAL/src/crt0.o
 .bss           0x0000000010018388        0x0 obj/default/hello_world.o
 .bss           0x0000000010018388        0x0 d:/lite/nios2eds/bin/gnu/h-x86_64-mingw32/bin/../lib/gcc/nios2-elf/5.3.0/../../../../../H-x86_64-mingw32/nios2-elf/lib\libc.a(lib_a-printf.o)
 .bss           0x0000000010018388        0x0 d:/lite/nios2eds/bin/gnu/h-x86_64-mingw32/bin/../lib/gcc/nios2-elf/5.3.0/../../../../../H-x86_64-mingw32/nios2-elf/lib\libc.a(lib_a-puts.o)
 .bss           0x0000000010018388        0x0 d:/lite/nios2eds/bin/gnu/h-x86_64-mingw32/bin/../lib/gcc/nios2-elf/5.3.0/../../../../../H-x86_64-mingw32/nios2-elf/lib\libc.a(lib_a-strlen.o)
 .bss           0x0000000010018388        0x0 d:/lite/nios2eds/bin/gnu/h-x86_64-mingw32/bin/../lib/gcc/nios2-elf/5.3.0/../../../../../H-x86_64-mingw32/nios2-elf/lib\libc.a(lib_a-vfprintf.o)
 .bss           0x0000000010018388        0x0 d:/lite/nios2eds/bin/gnu/h-x86_64-mingw32/bin/../lib/gcc/nios2-elf/5.3.0/../../../../../H-x86_64-mingw32/nios2-elf/lib\libc.a(lib_a-wsetup.o)
 .bss           0x0000000010018388        0x0 d:/lite/nios2eds/bin/gnu/h-x86_64-mingw32/bin/../lib/gcc/nios2-elf/5.3.0/../../../../../H-x86_64-mingw32/nios2-elf/lib\libc.a(lib_a-dtoa.o)
 .bss           0x0000000010018388        0x0 d:/lite/nios2eds/bin/gnu/h-x86_64-mingw32/bin/../lib/gcc/nios2-elf/5.3.0/../../../../../H-x86_64-mingw32/nios2-elf/lib\libc.a(lib_a-fflush.o)
 .bss           0x0000000010018388        0x0 d:/lite/nios2eds/bin/gnu/h-x86_64-mingw32/bin/../lib/gcc/nios2-elf/5.3.0/../../../../../H-x86_64-mingw32/nios2-elf/lib\libc.a(lib_a-findfp.o)
 .bss           0x0000000010018388        0x0 d:/lite/nios2eds/bin/gnu/h-x86_64-mingw32/bin/../lib/gcc/nios2-elf/5.3.0/../../../../../H-x86_64-mingw32/nios2-elf/lib\libc.a(lib_a-freer.o)
 .bss           0x0000000010018388        0x0 d:/lite/nios2eds/bin/gnu/h-x86_64-mingw32/bin/../lib/gcc/nios2-elf/5.3.0/../../../../../H-x86_64-mingw32/nios2-elf/lib\libc.a(lib_a-fvwrite.o)
 .bss           0x0000000010018388        0x0 d:/lite/nios2eds/bin/gnu/h-x86_64-mingw32/bin/../lib/gcc/nios2-elf/5.3.0/../../../../../H-x86_64-mingw32/nios2-elf/lib\libc.a(lib_a-fwalk.o)
 .bss           0x0000000010018388        0x0 d:/lite/nios2eds/bin/gnu/h-x86_64-mingw32/bin/../lib/gcc/nios2-elf/5.3.0/../../../../../H-x86_64-mingw32/nios2-elf/lib\libc.a(lib_a-impure.o)
 .bss           0x0000000010018388        0x0 d:/lite/nios2eds/bin/gnu/h-x86_64-mingw32/bin/../lib/gcc/nios2-elf/5.3.0/../../../../../H-x86_64-mingw32/nios2-elf/lib\libc.a(lib_a-locale.o)
 .bss           0x0000000010018388        0x0 d:/lite/nios2eds/bin/gnu/h-x86_64-mingw32/bin/../lib/gcc/nios2-elf/5.3.0/../../../../../H-x86_64-mingw32/nios2-elf/lib\libc.a(lib_a-makebuf.o)
 .bss           0x0000000010018388        0x0 d:/lite/nios2eds/bin/gnu/h-x86_64-mingw32/bin/../lib/gcc/nios2-elf/5.3.0/../../../../../H-x86_64-mingw32/nios2-elf/lib\libc.a(lib_a-mallocr.o)
 .bss.__malloc_current_mallinfo
                0x0000000010018388       0x28 d:/lite/nios2eds/bin/gnu/h-x86_64-mingw32/bin/../lib/gcc/nios2-elf/5.3.0/../../../../../H-x86_64-mingw32/nios2-elf/lib\libc.a(lib_a-mallocr.o)
                0x0000000010018388                __malloc_current_mallinfo
 .bss           0x00000000100183b0        0x0 d:/lite/nios2eds/bin/gnu/h-x86_64-mingw32/bin/../lib/gcc/nios2-elf/5.3.0/../../../../../H-x86_64-mingw32/nios2-elf/lib\libc.a(lib_a-memchr.o)
 .bss           0x00000000100183b0        0x0 d:/lite/nios2eds/bin/gnu/h-x86_64-mingw32/bin/../lib/gcc/nios2-elf/5.3.0/../../../../../H-x86_64-mingw32/nios2-elf/lib\libc.a(lib_a-memcpy.o)
 .bss           0x00000000100183b0        0x0 d:/lite/nios2eds/bin/gnu/h-x86_64-mingw32/bin/../lib/gcc/nios2-elf/5.3.0/../../../../../H-x86_64-mingw32/nios2-elf/lib\libc.a(lib_a-memmove.o)
 .bss           0x00000000100183b0        0x0 d:/lite/nios2eds/bin/gnu/h-x86_64-mingw32/bin/../lib/gcc/nios2-elf/5.3.0/../../../../../H-x86_64-mingw32/nios2-elf/lib\libc.a(lib_a-memset.o)
 .bss           0x00000000100183b0        0x0 d:/lite/nios2eds/bin/gnu/h-x86_64-mingw32/bin/../lib/gcc/nios2-elf/5.3.0/../../../../../H-x86_64-mingw32/nios2-elf/lib\libc.a(lib_a-mprec.o)
 .bss           0x00000000100183b0        0x0 d:/lite/nios2eds/bin/gnu/h-x86_64-mingw32/bin/../lib/gcc/nios2-elf/5.3.0/../../../../../H-x86_64-mingw32/nios2-elf/lib\libc.a(lib_a-reallocr.o)
 .bss           0x00000000100183b0        0x0 d:/lite/nios2eds/bin/gnu/h-x86_64-mingw32/bin/../lib/gcc/nios2-elf/5.3.0/../../../../../H-x86_64-mingw32/nios2-elf/lib\libc.a(lib_a-s_fpclassify.o)
 .bss           0x00000000100183b0        0x0 d:/lite/nios2eds/bin/gnu/h-x86_64-mingw32/bin/../lib/gcc/nios2-elf/5.3.0/../../../../../H-x86_64-mingw32/nios2-elf/lib\libc.a(lib_a-sbrkr.o)
 .bss           0x00000000100183b0        0x0 d:/lite/nios2eds/bin/gnu/h-x86_64-mingw32/bin/../lib/gcc/nios2-elf/5.3.0/../../../../../H-x86_64-mingw32/nios2-elf/lib\libc.a(lib_a-stdio.o)
 .bss           0x00000000100183b0        0x0 d:/lite/nios2eds/bin/gnu/h-x86_64-mingw32/bin/../lib/gcc/nios2-elf/5.3.0/../../../../../H-x86_64-mingw32/nios2-elf/lib\libc.a(lib_a-strcmp.o)
 .bss           0x00000000100183b0        0x0 d:/lite/nios2eds/bin/gnu/h-x86_64-mingw32/bin/../lib/gcc/nios2-elf/5.3.0/../../../../../H-x86_64-mingw32/nios2-elf/lib\libc.a(lib_a-vfiprintf.o)
 .bss           0x00000000100183b0        0x0 d:/lite/nios2eds/bin/gnu/h-x86_64-mingw32/bin/../lib/gcc/nios2-elf/5.3.0/../../../../../H-x86_64-mingw32/nios2-elf/lib\libc.a(lib_a-writer.o)
 .bss           0x00000000100183b0        0x0 d:/lite/nios2eds/bin/gnu/h-x86_64-mingw32/bin/../lib/gcc/nios2-elf/5.3.0/../../../../../H-x86_64-mingw32/nios2-elf/lib\libc.a(closer.o)
 .bss           0x00000000100183b0        0x0 d:/lite/nios2eds/bin/gnu/h-x86_64-mingw32/bin/../lib/gcc/nios2-elf/5.3.0/../../../../../H-x86_64-mingw32/nios2-elf/lib\libc.a(lib_a-callocr.o)
 .bss           0x00000000100183b0        0x0 d:/lite/nios2eds/bin/gnu/h-x86_64-mingw32/bin/../lib/gcc/nios2-elf/5.3.0/../../../../../H-x86_64-mingw32/nios2-elf/lib\libc.a(lib_a-fclose.o)
 .bss           0x00000000100183b0        0x0 d:/lite/nios2eds/bin/gnu/h-x86_64-mingw32/bin/../lib/gcc/nios2-elf/5.3.0/../../../../../H-x86_64-mingw32/nios2-elf/lib\libc.a(lib_a-fputwc.o)
 .bss           0x00000000100183b0        0x0 d:/lite/nios2eds/bin/gnu/h-x86_64-mingw32/bin/../lib/gcc/nios2-elf/5.3.0/../../../../../H-x86_64-mingw32/nios2-elf/lib\libc.a(lib_a-fstatr.o)
 .bss           0x00000000100183b0        0x0 d:/lite/nios2eds/bin/gnu/h-x86_64-mingw32/bin/../lib/gcc/nios2-elf/5.3.0/../../../../../H-x86_64-mingw32/nios2-elf/lib\libc.a(lib_a-int_errno.o)
 .bss           0x00000000100183b0        0x0 d:/lite/nios2eds/bin/gnu/h-x86_64-mingw32/bin/../lib/gcc/nios2-elf/5.3.0/../../../../../H-x86_64-mingw32/nios2-elf/lib\libc.a(lib_a-isattyr.o)
 .bss           0x00000000100183b0        0x0 d:/lite/nios2eds/bin/gnu/h-x86_64-mingw32/bin/../lib/gcc/nios2-elf/5.3.0/../../../../../H-x86_64-mingw32/nios2-elf/lib\libc.a(lib_a-lseekr.o)
 .bss           0x00000000100183b0        0x0 d:/lite/nios2eds/bin/gnu/h-x86_64-mingw32/bin/../lib/gcc/nios2-elf/5.3.0/../../../../../H-x86_64-mingw32/nios2-elf/lib\libc.a(lib_a-readr.o)
 .bss           0x00000000100183b0        0x0 d:/lite/nios2eds/bin/gnu/h-x86_64-mingw32/bin/../lib/gcc/nios2-elf/5.3.0/../../../../../H-x86_64-mingw32/nios2-elf/lib\libc.a(lib_a-wbuf.o)
 .bss           0x00000000100183b0        0x0 d:/lite/nios2eds/bin/gnu/h-x86_64-mingw32/bin/../lib/gcc/nios2-elf/5.3.0/../../../../../H-x86_64-mingw32/nios2-elf/lib\libc.a(lib_a-wcrtomb.o)
 .bss           0x00000000100183b0        0x0 d:/lite/nios2eds/bin/gnu/h-x86_64-mingw32/bin/../lib/gcc/nios2-elf/5.3.0/../../../../../H-x86_64-mingw32/nios2-elf/lib\libc.a(lib_a-wctomb_r.o)
 .bss           0x00000000100183b0        0x0 d:/lite/nios2eds/bin/gnu/h-x86_64-mingw32/bin/../lib/gcc/nios2-elf/5.3.0\libgcc.a(_udivdi3.o)
 .bss           0x00000000100183b0        0x0 d:/lite/nios2eds/bin/gnu/h-x86_64-mingw32/bin/../lib/gcc/nios2-elf/5.3.0\libgcc.a(_umoddi3.o)
 .bss           0x00000000100183b0        0x0 d:/lite/nios2eds/bin/gnu/h-x86_64-mingw32/bin/../lib/gcc/nios2-elf/5.3.0\libgcc.a(lib2-divmod.o)
 .bss           0x00000000100183b0        0x0 d:/lite/nios2eds/bin/gnu/h-x86_64-mingw32/bin/../lib/gcc/nios2-elf/5.3.0\libgcc.a(adddf3.o)
 .bss           0x00000000100183b0        0x0 d:/lite/nios2eds/bin/gnu/h-x86_64-mingw32/bin/../lib/gcc/nios2-elf/5.3.0\libgcc.a(divdf3.o)